[0.011s] Invoking command in '/home/zuhurouf/ros2_ws/tool_tracker/build/zed_description': CMAKE_PREFIX_PATH=${CMAKE_PREFIX_PATH}:/home/zuhurouf/ros2_ws/tool_tracker/install/tool_tracker:/opt/ros/humble /usr/bin/cmake /home/zuhurouf/ros2_ws/tool_tracker/src/external/zed-ros2-description -DAMENT_CMAKE_SYMLINK_INSTALL=1 -DCMAKE_INSTALL_PREFIX=/home/zuhurouf/ros2_ws/tool_tracker/install/zed_description
[0.057s] -- The C compiler identification is GNU 11.4.0
[0.109s] -- The CXX compiler identification is GNU 11.4.0
[0.117s] -- Detecting C compiler ABI info
[0.180s] -- Detecting C compiler ABI info - done
[0.186s] -- Check for working C compiler: /usr/bin/cc - skipped
[0.186s] -- Detecting C compile features
[0.186s] -- Detecting C compile features - done
[0.188s] -- Detecting CXX compiler ABI info
[0.251s] -- Detecting CXX compiler ABI info - done
[0.257s] -- Check for working CXX compiler: /usr/bin/c++ - skipped
[0.257s] -- Detecting CXX compile features
[0.257s] -- Detecting CXX compile features - done
[0.259s] -- Found ament_cmake_auto: 1.3.14 (/opt/ros/humble/share/ament_cmake_auto/cmake)
[0.405s] -- Found Python3: /usr/bin/python3 (found version "3.10.12") found components: Interpreter 
[0.461s] -- Override CMake install command with custom implementation using symlinks instead of copying resources
[0.573s] -- Found ament_lint_auto: 0.12.15 (/opt/ros/humble/share/ament_lint_auto/cmake)
[0.592s] -- Added test 'copyright' to check source files copyright and LICENSE
[0.598s] -- Added test 'lint_cmake' to check CMake code style
[0.599s] -- Added test 'pep257' to check Python code against some of the docstring style conventions in PEP 257
[0.603s] -- Added test 'xmllint' to check XML markup files
[0.605s] -- Configuring done
[0.609s] -- Generating done
[0.612s] -- Build files have been written to: /home/zuhurouf/ros2_ws/tool_tracker/build/zed_description
[0.617s] Invoked command in '/home/zuhurouf/ros2_ws/tool_tracker/build/zed_description' returned '0': CMAKE_PREFIX_PATH=${CMAKE_PREFIX_PATH}:/home/zuhurouf/ros2_ws/tool_tracker/install/tool_tracker:/opt/ros/humble /usr/bin/cmake /home/zuhurouf/ros2_ws/tool_tracker/src/external/zed-ros2-description -DAMENT_CMAKE_SYMLINK_INSTALL=1 -DCMAKE_INSTALL_PREFIX=/home/zuhurouf/ros2_ws/tool_tracker/install/zed_description
[0.618s] Invoking command in '/home/zuhurouf/ros2_ws/tool_tracker/build/zed_description': CMAKE_PREFIX_PATH=${CMAKE_PREFIX_PATH}:/home/zuhurouf/ros2_ws/tool_tracker/install/tool_tracker:/opt/ros/humble /usr/bin/cmake --build /home/zuhurouf/ros2_ws/tool_tracker/build/zed_description -- -j12 -l12
[0.650s] Invoked command in '/home/zuhurouf/ros2_ws/tool_tracker/build/zed_description' returned '0': CMAKE_PREFIX_PATH=${CMAKE_PREFIX_PATH}:/home/zuhurouf/ros2_ws/tool_tracker/install/tool_tracker:/opt/ros/humble /usr/bin/cmake --build /home/zuhurouf/ros2_ws/tool_tracker/build/zed_description -- -j12 -l12
[0.651s] Invoking command in '/home/zuhurouf/ros2_ws/tool_tracker/build/zed_description': CMAKE_PREFIX_PATH=${CMAKE_PREFIX_PATH}:/home/zuhurouf/ros2_ws/tool_tracker/install/tool_tracker:/opt/ros/humble /usr/bin/cmake --install /home/zuhurouf/ros2_ws/tool_tracker/build/zed_description
[0.657s] -- Install configuration: ""
[0.657s] -- Execute custom install script
[0.658s] -- Symlinking: /home/zuhurouf/ros2_ws/tool_tracker/install/zed_description/share/zed_description/urdf/zed_descr.urdf.xacro
[0.664s] -- Symlinking: /home/zuhurouf/ros2_ws/tool_tracker/install/zed_description/share/zed_description/urdf/zed_macro.urdf.xacro
[0.671s] -- Symlinking: /home/zuhurouf/ros2_ws/tool_tracker/install/zed_description/share/zed_description/meshes/virtual.stl
[0.677s] -- Symlinking: /home/zuhurouf/ros2_ws/tool_tracker/install/zed_description/share/zed_description/meshes/zed.stl
[0.683s] -- Symlinking: /home/zuhurouf/ros2_ws/tool_tracker/install/zed_description/share/zed_description/meshes/zed2.stl
[0.690s] -- Symlinking: /home/zuhurouf/ros2_ws/tool_tracker/install/zed_description/share/zed_description/meshes/zed2i.stl
[0.697s] -- Symlinking: /home/zuhurouf/ros2_ws/tool_tracker/install/zed_description/share/zed_description/meshes/zedm.stl
[0.704s] -- Symlinking: /home/zuhurouf/ros2_ws/tool_tracker/install/zed_description/share/zed_description/meshes/zedx.stl
[0.710s] -- Symlinking: /home/zuhurouf/ros2_ws/tool_tracker/install/zed_description/share/zed_description/meshes/zedxhdr.stl
[0.716s] -- Symlinking: /home/zuhurouf/ros2_ws/tool_tracker/install/zed_description/share/zed_description/meshes/zedxhdrmax.stl
[0.723s] -- Symlinking: /home/zuhurouf/ros2_ws/tool_tracker/install/zed_description/share/zed_description/meshes/zedxhdrmini.stl
[0.730s] -- Symlinking: /home/zuhurouf/ros2_ws/tool_tracker/install/zed_description/share/zed_description/meshes/zedxm.stl
[0.737s] -- Symlinking: /home/zuhurouf/ros2_ws/tool_tracker/install/zed_description/share/zed_description/meshes/zedxnano.stl
[0.744s] -- Symlinking: /home/zuhurouf/ros2_ws/tool_tracker/install/zed_description/share/zed_description/meshes/zedxone4k.stl
[0.752s] -- Symlinking: /home/zuhurouf/ros2_ws/tool_tracker/install/zed_description/share/zed_description/meshes/zedxonegs.stl
[0.759s] -- Symlinking: /home/zuhurouf/ros2_ws/tool_tracker/install/zed_description/share/zed_description/meshes/zedxonehdr.stl
[0.765s] -- Symlinking: /home/zuhurouf/ros2_ws/tool_tracker/install/zed_description/share/zed_description/meshes/zedxones.stl
[0.773s] -- Symlinking: /home/zuhurouf/ros2_ws/tool_tracker/install/zed_description/share/zed_description/rviz2/zed_description.rviz
[0.780s] -- Symlinking: /home/zuhurouf/ros2_ws/tool_tracker/install/zed_description/share/zed_description/launch/zed_viz.launch.py
[0.786s] -- Symlinking: /home/zuhurouf/ros2_ws/tool_tracker/install/zed_description/share/ament_index/resource_index/package_run_dependencies/zed_description
[0.794s] -- Symlinking: /home/zuhurouf/ros2_ws/tool_tracker/install/zed_description/share/ament_index/resource_index/parent_prefix_path/zed_description
[0.800s] -- Symlinking: /home/zuhurouf/ros2_ws/tool_tracker/install/zed_description/share/zed_description/environment/ament_prefix_path.sh
[0.807s] -- Symlinking: /home/zuhurouf/ros2_ws/tool_tracker/install/zed_description/share/zed_description/environment/ament_prefix_path.dsv
[0.815s] -- Symlinking: /home/zuhurouf/ros2_ws/tool_tracker/install/zed_description/share/zed_description/environment/path.sh
[0.823s] -- Symlinking: /home/zuhurouf/ros2_ws/tool_tracker/install/zed_description/share/zed_description/environment/path.dsv
[0.830s] -- Symlinking: /home/zuhurouf/ros2_ws/tool_tracker/install/zed_description/share/zed_description/local_setup.bash
[0.837s] -- Symlinking: /home/zuhurouf/ros2_ws/tool_tracker/install/zed_description/share/zed_description/local_setup.sh
[0.843s] -- Symlinking: /home/zuhurouf/ros2_ws/tool_tracker/install/zed_description/share/zed_description/local_setup.zsh
[0.850s] -- Symlinking: /home/zuhurouf/ros2_ws/tool_tracker/install/zed_description/share/zed_description/local_setup.dsv
[0.857s] -- Symlinking: /home/zuhurouf/ros2_ws/tool_tracker/install/zed_description/share/zed_description/package.dsv
[0.866s] -- Symlinking: /home/zuhurouf/ros2_ws/tool_tracker/install/zed_description/share/ament_index/resource_index/packages/zed_description
[0.874s] -- Symlinking: /home/zuhurouf/ros2_ws/tool_tracker/install/zed_description/share/zed_description/cmake/zed_descriptionConfig.cmake
[0.882s] -- Symlinking: /home/zuhurouf/ros2_ws/tool_tracker/install/zed_description/share/zed_description/cmake/zed_descriptionConfig-version.cmake
[0.891s] -- Symlinking: /home/zuhurouf/ros2_ws/tool_tracker/install/zed_description/share/zed_description/package.xml
[0.906s] Invoked command in '/home/zuhurouf/ros2_ws/tool_tracker/build/zed_description' returned '0': CMAKE_PREFIX_PATH=${CMAKE_PREFIX_PATH}:/home/zuhurouf/ros2_ws/tool_tracker/install/tool_tracker:/opt/ros/humble /usr/bin/cmake --install /home/zuhurouf/ros2_ws/tool_tracker/build/zed_description
