[0.013s] Invoking command in '/home/zuhurouf/ros2_ws/tool_tracker/build/open_manipulator_x_teleop': CMAKE_PREFIX_PATH=/home/zuhurouf/ros2_ws/tool_tracker/install/open_manipulator_x_moveit_config:/home/zuhurouf/ros2_ws/tool_tracker/install/open_manipulator_x_bringup:/home/zuhurouf/ros2_ws/tool_tracker/install/open_manipulator_x_description:/home/zuhurouf/ros2_ws/tool_tracker/install/zed_description:/home/zuhurouf/ros2_ws/tool_tracker/install/open_manipulator:/home/zuhurouf/ros2_ws/tool_tracker/install/open_manipulator_x_teleop:/home/zuhurouf/ros2_ws/tool_tracker/install/open_manipulator_x_playground:/home/zuhurouf/ros2_ws/tool_tracker/install/open_manipulator_x_gui:/home/zuhurouf/ros2_ws/tool_tracker/install/tool_tracker:/opt/ros/humble /usr/bin/cmake --build /home/zuhurouf/ros2_ws/tool_tracker/build/open_manipulator_x_teleop -- -j12 -l12
[0.041s] [35m[1mConsolidate compiler generated dependencies of target open_manipulator_x_teleop[0m
[0.053s] [100%] Built target open_manipulator_x_teleop
[0.061s] Invoked command in '/home/zuhurouf/ros2_ws/tool_tracker/build/open_manipulator_x_teleop' returned '0': CMAKE_PREFIX_PATH=/home/zuhurouf/ros2_ws/tool_tracker/install/open_manipulator_x_moveit_config:/home/zuhurouf/ros2_ws/tool_tracker/install/open_manipulator_x_bringup:/home/zuhurouf/ros2_ws/tool_tracker/install/open_manipulator_x_description:/home/zuhurouf/ros2_ws/tool_tracker/install/zed_description:/home/zuhurouf/ros2_ws/tool_tracker/install/open_manipulator:/home/zuhurouf/ros2_ws/tool_tracker/install/open_manipulator_x_teleop:/home/zuhurouf/ros2_ws/tool_tracker/install/open_manipulator_x_playground:/home/zuhurouf/ros2_ws/tool_tracker/install/open_manipulator_x_gui:/home/zuhurouf/ros2_ws/tool_tracker/install/tool_tracker:/opt/ros/humble /usr/bin/cmake --build /home/zuhurouf/ros2_ws/tool_tracker/build/open_manipulator_x_teleop -- -j12 -l12
[0.062s] Invoking command in '/home/zuhurouf/ros2_ws/tool_tracker/build/open_manipulator_x_teleop': CMAKE_PREFIX_PATH=/home/zuhurouf/ros2_ws/tool_tracker/install/open_manipulator_x_moveit_config:/home/zuhurouf/ros2_ws/tool_tracker/install/open_manipulator_x_bringup:/home/zuhurouf/ros2_ws/tool_tracker/install/open_manipulator_x_description:/home/zuhurouf/ros2_ws/tool_tracker/install/zed_description:/home/zuhurouf/ros2_ws/tool_tracker/install/open_manipulator:/home/zuhurouf/ros2_ws/tool_tracker/install/open_manipulator_x_teleop:/home/zuhurouf/ros2_ws/tool_tracker/install/open_manipulator_x_playground:/home/zuhurouf/ros2_ws/tool_tracker/install/open_manipulator_x_gui:/home/zuhurouf/ros2_ws/tool_tracker/install/tool_tracker:/opt/ros/humble /usr/bin/cmake --install /home/zuhurouf/ros2_ws/tool_tracker/build/open_manipulator_x_teleop
[0.067s] -- Install configuration: ""
[0.067s] -- Execute custom install script
[0.067s] -- Up-to-date symlink: /home/zuhurouf/ros2_ws/tool_tracker/install/open_manipulator_x_teleop/lib/open_manipulator_x_teleop/open_manipulator_x_teleop
[0.068s] -- Up-to-date symlink: /home/zuhurouf/ros2_ws/tool_tracker/install/open_manipulator_x_teleop/share/ament_index/resource_index/package_run_dependencies/open_manipulator_x_teleop
[0.068s] -- Up-to-date symlink: /home/zuhurouf/ros2_ws/tool_tracker/install/open_manipulator_x_teleop/share/ament_index/resource_index/parent_prefix_path/open_manipulator_x_teleop
[0.068s] -- Up-to-date symlink: /home/zuhurouf/ros2_ws/tool_tracker/install/open_manipulator_x_teleop/share/open_manipulator_x_teleop/environment/ament_prefix_path.sh
[0.068s] -- Up-to-date symlink: /home/zuhurouf/ros2_ws/tool_tracker/install/open_manipulator_x_teleop/share/open_manipulator_x_teleop/environment/ament_prefix_path.dsv
[0.068s] -- Up-to-date symlink: /home/zuhurouf/ros2_ws/tool_tracker/install/open_manipulator_x_teleop/share/open_manipulator_x_teleop/environment/path.sh
[0.068s] -- Up-to-date symlink: /home/zuhurouf/ros2_ws/tool_tracker/install/open_manipulator_x_teleop/share/open_manipulator_x_teleop/environment/path.dsv
[0.068s] -- Up-to-date symlink: /home/zuhurouf/ros2_ws/tool_tracker/install/open_manipulator_x_teleop/share/open_manipulator_x_teleop/local_setup.bash
[0.068s] -- Up-to-date symlink: /home/zuhurouf/ros2_ws/tool_tracker/install/open_manipulator_x_teleop/share/open_manipulator_x_teleop/local_setup.sh
[0.068s] -- Up-to-date symlink: /home/zuhurouf/ros2_ws/tool_tracker/install/open_manipulator_x_teleop/share/open_manipulator_x_teleop/local_setup.zsh
[0.068s] -- Up-to-date symlink: /home/zuhurouf/ros2_ws/tool_tracker/install/open_manipulator_x_teleop/share/open_manipulator_x_teleop/local_setup.dsv
[0.068s] -- Symlinking: /home/zuhurouf/ros2_ws/tool_tracker/install/open_manipulator_x_teleop/share/open_manipulator_x_teleop/package.dsv
[0.075s] -- Up-to-date symlink: /home/zuhurouf/ros2_ws/tool_tracker/install/open_manipulator_x_teleop/share/ament_index/resource_index/packages/open_manipulator_x_teleop
[0.075s] -- Up-to-date symlink: /home/zuhurouf/ros2_ws/tool_tracker/install/open_manipulator_x_teleop/share/open_manipulator_x_teleop/cmake/open_manipulator_x_teleopConfig.cmake
[0.075s] -- Up-to-date symlink: /home/zuhurouf/ros2_ws/tool_tracker/install/open_manipulator_x_teleop/share/open_manipulator_x_teleop/cmake/open_manipulator_x_teleopConfig-version.cmake
[0.075s] -- Up-to-date symlink: /home/zuhurouf/ros2_ws/tool_tracker/install/open_manipulator_x_teleop/share/open_manipulator_x_teleop/package.xml
[0.077s] Invoked command in '/home/zuhurouf/ros2_ws/tool_tracker/build/open_manipulator_x_teleop' returned '0': CMAKE_PREFIX_PATH=/home/zuhurouf/ros2_ws/tool_tracker/install/open_manipulator_x_moveit_config:/home/zuhurouf/ros2_ws/tool_tracker/install/open_manipulator_x_bringup:/home/zuhurouf/ros2_ws/tool_tracker/install/open_manipulator_x_description:/home/zuhurouf/ros2_ws/tool_tracker/install/zed_description:/home/zuhurouf/ros2_ws/tool_tracker/install/open_manipulator:/home/zuhurouf/ros2_ws/tool_tracker/install/open_manipulator_x_teleop:/home/zuhurouf/ros2_ws/tool_tracker/install/open_manipulator_x_playground:/home/zuhurouf/ros2_ws/tool_tracker/install/open_manipulator_x_gui:/home/zuhurouf/ros2_ws/tool_tracker/install/tool_tracker:/opt/ros/humble /usr/bin/cmake --install /home/zuhurouf/ros2_ws/tool_tracker/build/open_manipulator_x_teleop
