[0.032s] Invoking command in '/home/zuhurouf/ros2_ws/tool_tracker/build/open_manipulator_x_description': CMAKE_PREFIX_PATH=${CMAKE_PREFIX_PATH}:/home/zuhurouf/ros2_ws/tool_tracker/install/tool_tracker:/opt/ros/humble /usr/bin/cmake --build /home/zuhurouf/ros2_ws/tool_tracker/build/open_manipulator_x_description -- -j12 -l12
[0.256s] Invoked command in '/home/zuhurouf/ros2_ws/tool_tracker/build/open_manipulator_x_description' returned '0': CMAKE_PREFIX_PATH=${CMAKE_PREFIX_PATH}:/home/zuhurouf/ros2_ws/tool_tracker/install/tool_tracker:/opt/ros/humble /usr/bin/cmake --build /home/zuhurouf/ros2_ws/tool_tracker/build/open_manipulator_x_description -- -j12 -l12
[0.262s] Invoking command in '/home/zuhurouf/ros2_ws/tool_tracker/build/open_manipulator_x_description': CMAKE_PREFIX_PATH=${CMAKE_PREFIX_PATH}:/home/zuhurouf/ros2_ws/tool_tracker/install/tool_tracker:/opt/ros/humble /usr/bin/cmake --install /home/zuhurouf/ros2_ws/tool_tracker/build/open_manipulator_x_description
[0.267s] -- Install configuration: ""
[0.267s] -- Execute custom install script
[0.268s] -- Up-to-date symlink: /home/zuhurouf/ros2_ws/tool_tracker/install/open_manipulator_x_description/share/open_manipulator_x_description/launch/model.launch.py
[0.268s] -- Up-to-date symlink: /home/zuhurouf/ros2_ws/tool_tracker/install/open_manipulator_x_description/share/open_manipulator_x_description/meshes/Plate.stl
[0.269s] -- Up-to-date symlink: /home/zuhurouf/ros2_ws/tool_tracker/install/open_manipulator_x_description/share/open_manipulator_x_description/meshes/gripper_left_palm.stl
[0.269s] -- Up-to-date symlink: /home/zuhurouf/ros2_ws/tool_tracker/install/open_manipulator_x_description/share/open_manipulator_x_description/meshes/gripper_right_palm.stl
[0.269s] -- Up-to-date symlink: /home/zuhurouf/ros2_ws/tool_tracker/install/open_manipulator_x_description/share/open_manipulator_x_description/meshes/link1.stl
[0.269s] -- Up-to-date symlink: /home/zuhurouf/ros2_ws/tool_tracker/install/open_manipulator_x_description/share/open_manipulator_x_description/meshes/link2.stl
[0.269s] -- Up-to-date symlink: /home/zuhurouf/ros2_ws/tool_tracker/install/open_manipulator_x_description/share/open_manipulator_x_description/meshes/link3.stl
[0.269s] -- Up-to-date symlink: /home/zuhurouf/ros2_ws/tool_tracker/install/open_manipulator_x_description/share/open_manipulator_x_description/meshes/link4.stl
[0.269s] -- Up-to-date symlink: /home/zuhurouf/ros2_ws/tool_tracker/install/open_manipulator_x_description/share/open_manipulator_x_description/meshes/link5.stl
[0.269s] -- Up-to-date symlink: /home/zuhurouf/ros2_ws/tool_tracker/install/open_manipulator_x_description/share/open_manipulator_x_description/rviz/open_manipulator_x.rviz
[0.269s] -- Up-to-date symlink: /home/zuhurouf/ros2_ws/tool_tracker/install/open_manipulator_x_description/share/open_manipulator_x_description/urdf/materials.xacro
[0.269s] -- Up-to-date symlink: /home/zuhurouf/ros2_ws/tool_tracker/install/open_manipulator_x_description/share/open_manipulator_x_description/urdf/open_manipulator_x.urdf.xacro
[0.269s] -- Up-to-date symlink: /home/zuhurouf/ros2_ws/tool_tracker/install/open_manipulator_x_description/share/open_manipulator_x_description/urdf/open_manipulator_x_robot.urdf.xacro
[0.270s] -- Up-to-date symlink: /home/zuhurouf/ros2_ws/tool_tracker/install/open_manipulator_x_description/share/open_manipulator_x_description/gazebo/materials.xacro
[0.270s] -- Up-to-date symlink: /home/zuhurouf/ros2_ws/tool_tracker/install/open_manipulator_x_description/share/open_manipulator_x_description/gazebo/open_manipulator_x.gazebo.xacro
[0.270s] -- Up-to-date symlink: /home/zuhurouf/ros2_ws/tool_tracker/install/open_manipulator_x_description/share/open_manipulator_x_description/ros2_control/open_manipulator_x_system.ros2_control.xacro
[0.270s] -- Up-to-date symlink: /home/zuhurouf/ros2_ws/tool_tracker/install/open_manipulator_x_description/share/ament_index/resource_index/package_run_dependencies/open_manipulator_x_description
[0.270s] -- Up-to-date symlink: /home/zuhurouf/ros2_ws/tool_tracker/install/open_manipulator_x_description/share/ament_index/resource_index/parent_prefix_path/open_manipulator_x_description
[0.270s] -- Up-to-date symlink: /home/zuhurouf/ros2_ws/tool_tracker/install/open_manipulator_x_description/share/open_manipulator_x_description/environment/ament_prefix_path.sh
[0.270s] -- Up-to-date symlink: /home/zuhurouf/ros2_ws/tool_tracker/install/open_manipulator_x_description/share/open_manipulator_x_description/environment/ament_prefix_path.dsv
[0.270s] -- Up-to-date symlink: /home/zuhurouf/ros2_ws/tool_tracker/install/open_manipulator_x_description/share/open_manipulator_x_description/environment/path.sh
[0.270s] -- Up-to-date symlink: /home/zuhurouf/ros2_ws/tool_tracker/install/open_manipulator_x_description/share/open_manipulator_x_description/environment/path.dsv
[0.270s] -- Up-to-date symlink: /home/zuhurouf/ros2_ws/tool_tracker/install/open_manipulator_x_description/share/open_manipulator_x_description/local_setup.bash
[0.271s] -- Up-to-date symlink: /home/zuhurouf/ros2_ws/tool_tracker/install/open_manipulator_x_description/share/open_manipulator_x_description/local_setup.sh
[0.271s] -- Up-to-date symlink: /home/zuhurouf/ros2_ws/tool_tracker/install/open_manipulator_x_description/share/open_manipulator_x_description/local_setup.zsh
[0.271s] -- Up-to-date symlink: /home/zuhurouf/ros2_ws/tool_tracker/install/open_manipulator_x_description/share/open_manipulator_x_description/local_setup.dsv
[0.271s] -- Symlinking: /home/zuhurouf/ros2_ws/tool_tracker/install/open_manipulator_x_description/share/open_manipulator_x_description/package.dsv
[0.277s] -- Up-to-date symlink: /home/zuhurouf/ros2_ws/tool_tracker/install/open_manipulator_x_description/share/ament_index/resource_index/packages/open_manipulator_x_description
[0.277s] -- Up-to-date symlink: /home/zuhurouf/ros2_ws/tool_tracker/install/open_manipulator_x_description/share/open_manipulator_x_description/cmake/open_manipulator_x_descriptionConfig.cmake
[0.278s] -- Up-to-date symlink: /home/zuhurouf/ros2_ws/tool_tracker/install/open_manipulator_x_description/share/open_manipulator_x_description/cmake/open_manipulator_x_descriptionConfig-version.cmake
[0.278s] -- Up-to-date symlink: /home/zuhurouf/ros2_ws/tool_tracker/install/open_manipulator_x_description/share/open_manipulator_x_description/package.xml
[0.280s] Invoked command in '/home/zuhurouf/ros2_ws/tool_tracker/build/open_manipulator_x_description' returned '0': CMAKE_PREFIX_PATH=${CMAKE_PREFIX_PATH}:/home/zuhurouf/ros2_ws/tool_tracker/install/tool_tracker:/opt/ros/humble /usr/bin/cmake --install /home/zuhurouf/ros2_ws/tool_tracker/build/open_manipulator_x_description
