-- The C compiler identification is GNU 11.4.0
-- The CXX compiler identification is GNU 11.4.0
-- Detecting C compiler ABI info
-- Detecting C compiler ABI info - done
-- Check for working C compiler: /usr/bin/cc - skipped
-- Detecting C compile features
-- Detecting C compile features - done
-- Detecting CXX compiler ABI info
-- Detecting CXX compiler ABI info - done
-- Check for working CXX compiler: /usr/bin/c++ - skipped
-- Detecting CXX compile features
-- Detecting CXX compile features - done
-- Found ament_cmake: 1.3.14 (/opt/ros/humble/share/ament_cmake/cmake)
-- Found Python3: /usr/bin/python3 (found version "3.10.12") found components: Interpreter 
-- Override CMake install command with custom implementation using symlinks instead of copying resources
-- Found geometry_msgs: 4.9.2 (/opt/ros/humble/share/geometry_msgs/cmake)
-- Found rosidl_generator_c: 3.1.9 (/opt/ros/humble/share/rosidl_generator_c/cmake)
-- Found rosidl_adapter: 3.1.9 (/opt/ros/humble/share/rosidl_adapter/cmake)
-- Found rosidl_generator_cpp: 3.1.9 (/opt/ros/humble/share/rosidl_generator_cpp/cmake)
-- Using all available rosidl_typesupport_c: rosidl_typesupport_fastrtps_c;rosidl_typesupport_introspection_c
-- Using all available rosidl_typesupport_cpp: rosidl_typesupport_fastrtps_cpp;rosidl_typesupport_introspection_cpp
-- Found rclcpp: 16.0.21 (/opt/ros/humble/share/rclcpp/cmake)
-- Found rmw_implementation_cmake: 6.1.4 (/opt/ros/humble/share/rmw_implementation_cmake/cmake)
-- Found rmw_fastrtps_cpp: 6.2.10 (/opt/ros/humble/share/rmw_fastrtps_cpp/cmake)
-- Found OpenSSL: /usr/lib/x86_64-linux-gnu/libcrypto.so (found version "3.0.2")  
-- Found FastRTPS: /opt/ros/humble/include  
-- Using RMW implementation 'rmw_fastrtps_cpp' as default
-- Looking for pthread.h
-- Looking for pthread.h - found
-- Performing Test CMAKE_HAVE_LIBC_PTHREAD
-- Performing Test CMAKE_HAVE_LIBC_PTHREAD - Success
-- Found Threads: TRUE  
-- Found sensor_msgs: 4.9.2 (/opt/ros/humble/share/sensor_msgs/cmake)
-- Found moveit_msgs: 2.2.3 (/opt/ros/humble/share/moveit_msgs/cmake)
-- Found moveit_ros_planning: 2.5.10 (/opt/ros/humble/share/moveit_ros_planning/cmake)
-- Found Boost: /usr/lib/x86_64-linux-gnu/cmake/Boost-1.74.0/BoostConfig.cmake (found version "1.74.0") found components: system filesystem date_time program_options thread chrono 
-- Found Boost: /usr/lib/x86_64-linux-gnu/cmake/Boost-1.74.0/BoostConfig.cmake (found version "1.74.0") found components: chrono date_time filesystem iostreams program_options regex serialization system thread 
-- Found tcb_span: 1.3.2 (/opt/ros/humble/share/tcb_span/cmake)
-- Found rclcpp_lifecycle: 16.0.21 (/opt/ros/humble/share/rclcpp_lifecycle/cmake)
-- Found parameter_traits: 0.7.6 (/opt/ros/humble/share/parameter_traits/cmake)
-- library: /usr/lib/x86_64-linux-gnu/libcurl.so
-- Found Eigen3: TRUE (found version "3.4.0") 
-- Ensuring Eigen3 include directory is part of orocos-kdl CMake target
-- Found moveit_ros_planning_interface: 2.5.10 (/opt/ros/humble/share/moveit_ros_planning_interface/cmake)
-- Found Boost: /usr/lib/x86_64-linux-gnu/cmake/Boost-1.74.0/BoostConfig.cmake (found version "1.74.0") found components: date_time filesystem program_options system thread 
-- Found Boost: /usr/lib/x86_64-linux-gnu/cmake/Boost-1.74.0/BoostConfig.cmake (found version "1.74.0") found components: thread system filesystem regex date_time program_options 
-- Found Boost: /usr/lib/x86_64-linux-gnu/cmake/Boost-1.74.0/BoostConfig.cmake (found version "1.74.0") found components: system filesystem date_time program_options thread 
-- Configuring done
-- Generating done
-- Build files have been written to: /home/zuhurouf/ros2_ws/tool_tracker/build/open_manipulator_x_gui
[  7%] [34m[1mGenerating ui_main_window.h[0m
[ 15%] [34m[1mGenerating gui_headers/ui_main_window.h[0m
[ 15%] Built target copy_ui_header
[ 23%] [34m[1mAutomatic MOC and UIC for target open_manipulator_x_gui_node[0m
[ 23%] Built target open_manipulator_x_gui_node_autogen
[ 30%] [34m[1mGenerating include/open_manipulator_x_gui/moc_main_window.cpp[0m
[ 38%] [34m[1mGenerating include/open_manipulator_x_gui/moc_qnode.cpp[0m
[ 53%] [32mBuilding CXX object CMakeFiles/open_manipulator_x_gui_node.dir/open_manipulator_x_gui_node_autogen/mocs_compilation.cpp.o[0m
[ 53%] [32mBuilding CXX object CMakeFiles/open_manipulator_x_gui_node.dir/src/qnode.cpp.o[0m
[ 69%] [32mBuilding CXX object CMakeFiles/open_manipulator_x_gui_node.dir/src/main.cpp.o[0m
[ 69%] [32mBuilding CXX object CMakeFiles/open_manipulator_x_gui_node.dir/src/main_window.cpp.o[0m
[ 76%] [32mBuilding CXX object CMakeFiles/open_manipulator_x_gui_node.dir/include/open_manipulator_x_gui/moc_main_window.cpp.o[0m
[ 84%] [32mBuilding CXX object CMakeFiles/open_manipulator_x_gui_node.dir/include/open_manipulator_x_gui/moc_qnode.cpp.o[0m
[ 92%] [32m[1mLinking CXX executable open_manipulator_x_gui_node[0m
[100%] Built target open_manipulator_x_gui_node
-- Install configuration: ""
-- Execute custom install script
-- Symlinking: /home/zuhurouf/ros2_ws/tool_tracker/install/open_manipulator_x_gui/lib/open_manipulator_x_gui/open_manipulator_x_gui_node
-- Symlinking: /home/zuhurouf/ros2_ws/tool_tracker/install/open_manipulator_x_gui/include/open_manipulator_x_gui/main_window.hpp
-- Symlinking: /home/zuhurouf/ros2_ws/tool_tracker/install/open_manipulator_x_gui/include/open_manipulator_x_gui/qnode.hpp
-- Symlinking: /home/zuhurouf/ros2_ws/tool_tracker/install/open_manipulator_x_gui/share/open_manipulator_x_gui/launch/open_manipulator_x_gui.launch.py
-- Symlinking: /home/zuhurouf/ros2_ws/tool_tracker/install/open_manipulator_x_gui/share/open_manipulator_x_gui/ui/main_window.ui
-- Symlinking: /home/zuhurouf/ros2_ws/tool_tracker/install/open_manipulator_x_gui/share/open_manipulator_x_gui/config/robot_joint_log.csv
-- Symlinking: /home/zuhurouf/ros2_ws/tool_tracker/install/open_manipulator_x_gui/share/open_manipulator_x_gui/environment/library_path.sh
-- Symlinking: /home/zuhurouf/ros2_ws/tool_tracker/install/open_manipulator_x_gui/share/open_manipulator_x_gui/environment/library_path.dsv
-- Symlinking: /home/zuhurouf/ros2_ws/tool_tracker/install/open_manipulator_x_gui/share/ament_index/resource_index/package_run_dependencies/open_manipulator_x_gui
-- Symlinking: /home/zuhurouf/ros2_ws/tool_tracker/install/open_manipulator_x_gui/share/ament_index/resource_index/parent_prefix_path/open_manipulator_x_gui
-- Symlinking: /home/zuhurouf/ros2_ws/tool_tracker/install/open_manipulator_x_gui/share/open_manipulator_x_gui/environment/ament_prefix_path.sh
-- Symlinking: /home/zuhurouf/ros2_ws/tool_tracker/install/open_manipulator_x_gui/share/open_manipulator_x_gui/environment/ament_prefix_path.dsv
-- Symlinking: /home/zuhurouf/ros2_ws/tool_tracker/install/open_manipulator_x_gui/share/open_manipulator_x_gui/environment/path.sh
-- Symlinking: /home/zuhurouf/ros2_ws/tool_tracker/install/open_manipulator_x_gui/share/open_manipulator_x_gui/environment/path.dsv
-- Symlinking: /home/zuhurouf/ros2_ws/tool_tracker/install/open_manipulator_x_gui/share/open_manipulator_x_gui/local_setup.bash
-- Symlinking: /home/zuhurouf/ros2_ws/tool_tracker/install/open_manipulator_x_gui/share/open_manipulator_x_gui/local_setup.sh
-- Symlinking: /home/zuhurouf/ros2_ws/tool_tracker/install/open_manipulator_x_gui/share/open_manipulator_x_gui/local_setup.zsh
-- Symlinking: /home/zuhurouf/ros2_ws/tool_tracker/install/open_manipulator_x_gui/share/open_manipulator_x_gui/local_setup.dsv
-- Symlinking: /home/zuhurouf/ros2_ws/tool_tracker/install/open_manipulator_x_gui/share/open_manipulator_x_gui/package.dsv
-- Symlinking: /home/zuhurouf/ros2_ws/tool_tracker/install/open_manipulator_x_gui/share/ament_index/resource_index/packages/open_manipulator_x_gui
-- Symlinking: /home/zuhurouf/ros2_ws/tool_tracker/install/open_manipulator_x_gui/share/open_manipulator_x_gui/cmake/ament_cmake_export_include_directories-extras.cmake
-- Symlinking: /home/zuhurouf/ros2_ws/tool_tracker/install/open_manipulator_x_gui/share/open_manipulator_x_gui/cmake/ament_cmake_export_libraries-extras.cmake
-- Symlinking: /home/zuhurouf/ros2_ws/tool_tracker/install/open_manipulator_x_gui/share/open_manipulator_x_gui/cmake/open_manipulator_x_guiConfig.cmake
-- Symlinking: /home/zuhurouf/ros2_ws/tool_tracker/install/open_manipulator_x_gui/share/open_manipulator_x_gui/cmake/open_manipulator_x_guiConfig-version.cmake
-- Symlinking: /home/zuhurouf/ros2_ws/tool_tracker/install/open_manipulator_x_gui/share/open_manipulator_x_gui/package.xml
