[0.014s] Invoking command in '/home/zuhurouf/ros2_ws/tool_tracker/build/open_manipulator_x_playground': CMAKE_PREFIX_PATH=${CMAKE_PREFIX_PATH}:/home/zuhurouf/ros2_ws/tool_tracker/install/tool_tracker:/opt/ros/humble /usr/bin/cmake /home/zuhurouf/ros2_ws/tool_tracker/src/external/open_manipulator/open_manipulator_x_playground -DAMENT_CMAKE_SYMLINK_INSTALL=1 -DCMAKE_INSTALL_PREFIX=/home/zuhurouf/ros2_ws/tool_tracker/install/open_manipulator_x_playground
[0.264s] -- The C compiler identification is GNU 11.4.0
[0.264s] -- The CXX compiler identification is GNU 11.4.0
[0.264s] -- Detecting C compiler ABI info
[0.264s] -- Detecting C compiler ABI info - done
[0.264s] -- Check for working C compiler: /usr/bin/cc - skipped
[0.264s] -- Detecting C compile features
[0.264s] -- Detecting C compile features - done
[0.265s] -- Detecting CXX compiler ABI info
[0.265s] -- Detecting CXX compiler ABI info - done
[0.265s] -- Check for working CXX compiler: /usr/bin/c++ - skipped
[0.265s] -- Detecting CXX compile features
[0.265s] -- Detecting CXX compile features - done
[0.265s] -- Found ament_cmake: 1.3.14 (/opt/ros/humble/share/ament_cmake/cmake)
[0.355s] -- Found Python3: /usr/bin/python3 (found version "3.10.12") found components: Interpreter 
[0.421s] -- Override CMake install command with custom implementation using symlinks instead of copying resources
[0.458s] -- Found moveit_ros_planning_interface: 2.5.10 (/opt/ros/humble/share/moveit_ros_planning_interface/cmake)
[0.611s] -- Found Boost: /usr/lib/x86_64-linux-gnu/cmake/Boost-1.74.0/BoostConfig.cmake (found version "1.74.0") found components: date_time filesystem program_options system thread 
[0.657s] -- Found rosidl_generator_c: 3.1.9 (/opt/ros/humble/share/rosidl_generator_c/cmake)
[0.662s] -- Found rosidl_adapter: 3.1.9 (/opt/ros/humble/share/rosidl_adapter/cmake)
[0.671s] -- Found rosidl_generator_cpp: 3.1.9 (/opt/ros/humble/share/rosidl_generator_cpp/cmake)
[0.686s] -- Using all available rosidl_typesupport_c: rosidl_typesupport_fastrtps_c;rosidl_typesupport_introspection_c
[0.700s] -- Using all available rosidl_typesupport_cpp: rosidl_typesupport_fastrtps_cpp;rosidl_typesupport_introspection_cpp
[0.879s] -- Found Boost: /usr/lib/x86_64-linux-gnu/cmake/Boost-1.74.0/BoostConfig.cmake (found version "1.74.0") found components: chrono date_time filesystem iostreams program_options regex serialization system thread 
[0.943s] -- Found rclcpp: 16.0.21 (/opt/ros/humble/share/rclcpp/cmake)
[0.982s] -- Found rmw_implementation_cmake: 6.1.4 (/opt/ros/humble/share/rmw_implementation_cmake/cmake)
[0.986s] -- Found rmw_fastrtps_cpp: 6.2.10 (/opt/ros/humble/share/rmw_fastrtps_cpp/cmake)
[1.078s] -- Found OpenSSL: /usr/lib/x86_64-linux-gnu/libcrypto.so (found version "3.0.2")  
[1.113s] -- Found FastRTPS: /opt/ros/humble/include  
[1.159s] -- Using RMW implementation 'rmw_fastrtps_cpp' as default
[1.169s] -- Found Threads: TRUE  
[1.210s] -- Found tcb_span: 1.3.2 (/opt/ros/humble/share/tcb_span/cmake)
[1.215s] -- Found rclcpp_lifecycle: 16.0.21 (/opt/ros/humble/share/rclcpp_lifecycle/cmake)
[1.234s] -- Found parameter_traits: 0.7.6 (/opt/ros/humble/share/parameter_traits/cmake)
[1.324s] -- library: /usr/lib/x86_64-linux-gnu/libcurl.so
[1.360s] -- Found Eigen3: TRUE (found version "3.4.0") 
[1.361s] -- Ensuring Eigen3 include directory is part of orocos-kdl CMake target
[1.499s] -- Found Boost: /usr/lib/x86_64-linux-gnu/cmake/Boost-1.74.0/BoostConfig.cmake (found version "1.74.0") found components: system filesystem date_time program_options thread chrono 
[1.527s] -- Found Boost: /usr/lib/x86_64-linux-gnu/cmake/Boost-1.74.0/BoostConfig.cmake (found version "1.74.0") found components: thread system filesystem regex date_time program_options 
[1.547s] -- Found Boost: /usr/lib/x86_64-linux-gnu/cmake/Boost-1.74.0/BoostConfig.cmake (found version "1.74.0") found components: system filesystem date_time program_options thread 
[1.656s] -- Configuring done
[1.675s] -- Generating done
[1.681s] -- Build files have been written to: /home/zuhurouf/ros2_ws/tool_tracker/build/open_manipulator_x_playground
[1.694s] Invoked command in '/home/zuhurouf/ros2_ws/tool_tracker/build/open_manipulator_x_playground' returned '0': CMAKE_PREFIX_PATH=${CMAKE_PREFIX_PATH}:/home/zuhurouf/ros2_ws/tool_tracker/install/tool_tracker:/opt/ros/humble /usr/bin/cmake /home/zuhurouf/ros2_ws/tool_tracker/src/external/open_manipulator/open_manipulator_x_playground -DAMENT_CMAKE_SYMLINK_INSTALL=1 -DCMAKE_INSTALL_PREFIX=/home/zuhurouf/ros2_ws/tool_tracker/install/open_manipulator_x_playground
[1.695s] Invoking command in '/home/zuhurouf/ros2_ws/tool_tracker/build/open_manipulator_x_playground': CMAKE_PREFIX_PATH=${CMAKE_PREFIX_PATH}:/home/zuhurouf/ros2_ws/tool_tracker/install/tool_tracker:/opt/ros/humble /usr/bin/cmake --build /home/zuhurouf/ros2_ws/tool_tracker/build/open_manipulator_x_playground -- -j12 -l12
[1.731s] [ 50%] [32mBuilding CXX object CMakeFiles/hello_moveit.dir/src/hello_moveit.cpp.o[0m
[12.043s] [100%] [32m[1mLinking CXX executable hello_moveit[0m
[12.278s] [100%] Built target hello_moveit
[12.287s] Invoked command in '/home/zuhurouf/ros2_ws/tool_tracker/build/open_manipulator_x_playground' returned '0': CMAKE_PREFIX_PATH=${CMAKE_PREFIX_PATH}:/home/zuhurouf/ros2_ws/tool_tracker/install/tool_tracker:/opt/ros/humble /usr/bin/cmake --build /home/zuhurouf/ros2_ws/tool_tracker/build/open_manipulator_x_playground -- -j12 -l12
[12.289s] Invoking command in '/home/zuhurouf/ros2_ws/tool_tracker/build/open_manipulator_x_playground': CMAKE_PREFIX_PATH=${CMAKE_PREFIX_PATH}:/home/zuhurouf/ros2_ws/tool_tracker/install/tool_tracker:/opt/ros/humble /usr/bin/cmake --install /home/zuhurouf/ros2_ws/tool_tracker/build/open_manipulator_x_playground
[12.294s] -- Install configuration: ""
[12.294s] -- Execute custom install script
[12.295s] -- Symlinking: /home/zuhurouf/ros2_ws/tool_tracker/install/open_manipulator_x_playground/lib/open_manipulator_x_playground/hello_moveit
[12.302s] -- Symlinking: /home/zuhurouf/ros2_ws/tool_tracker/install/open_manipulator_x_playground/share/ament_index/resource_index/package_run_dependencies/open_manipulator_x_playground
[12.308s] -- Symlinking: /home/zuhurouf/ros2_ws/tool_tracker/install/open_manipulator_x_playground/share/ament_index/resource_index/parent_prefix_path/open_manipulator_x_playground
[12.315s] -- Symlinking: /home/zuhurouf/ros2_ws/tool_tracker/install/open_manipulator_x_playground/share/open_manipulator_x_playground/environment/ament_prefix_path.sh
[12.321s] -- Symlinking: /home/zuhurouf/ros2_ws/tool_tracker/install/open_manipulator_x_playground/share/open_manipulator_x_playground/environment/ament_prefix_path.dsv
[12.328s] -- Symlinking: /home/zuhurouf/ros2_ws/tool_tracker/install/open_manipulator_x_playground/share/open_manipulator_x_playground/environment/path.sh
[12.334s] -- Symlinking: /home/zuhurouf/ros2_ws/tool_tracker/install/open_manipulator_x_playground/share/open_manipulator_x_playground/environment/path.dsv
[12.341s] -- Symlinking: /home/zuhurouf/ros2_ws/tool_tracker/install/open_manipulator_x_playground/share/open_manipulator_x_playground/local_setup.bash
[12.347s] -- Symlinking: /home/zuhurouf/ros2_ws/tool_tracker/install/open_manipulator_x_playground/share/open_manipulator_x_playground/local_setup.sh
[12.354s] -- Symlinking: /home/zuhurouf/ros2_ws/tool_tracker/install/open_manipulator_x_playground/share/open_manipulator_x_playground/local_setup.zsh
[12.361s] -- Symlinking: /home/zuhurouf/ros2_ws/tool_tracker/install/open_manipulator_x_playground/share/open_manipulator_x_playground/local_setup.dsv
[12.368s] -- Symlinking: /home/zuhurouf/ros2_ws/tool_tracker/install/open_manipulator_x_playground/share/open_manipulator_x_playground/package.dsv
[12.375s] -- Symlinking: /home/zuhurouf/ros2_ws/tool_tracker/install/open_manipulator_x_playground/share/ament_index/resource_index/packages/open_manipulator_x_playground
[12.382s] -- Symlinking: /home/zuhurouf/ros2_ws/tool_tracker/install/open_manipulator_x_playground/share/open_manipulator_x_playground/cmake/open_manipulator_x_playgroundConfig.cmake
[12.388s] -- Symlinking: /home/zuhurouf/ros2_ws/tool_tracker/install/open_manipulator_x_playground/share/open_manipulator_x_playground/cmake/open_manipulator_x_playgroundConfig-version.cmake
[12.395s] -- Symlinking: /home/zuhurouf/ros2_ws/tool_tracker/install/open_manipulator_x_playground/share/open_manipulator_x_playground/package.xml
[12.404s] Invoked command in '/home/zuhurouf/ros2_ws/tool_tracker/build/open_manipulator_x_playground' returned '0': CMAKE_PREFIX_PATH=${CMAKE_PREFIX_PATH}:/home/zuhurouf/ros2_ws/tool_tracker/install/tool_tracker:/opt/ros/humble /usr/bin/cmake --install /home/zuhurouf/ros2_ws/tool_tracker/build/open_manipulator_x_playground
