[0.260s] Invoking command in '/home/zuhurouf/ros2_ws/tool_tracker/build/zed_description': CMAKE_PREFIX_PATH=${CMAKE_PREFIX_PATH}:/home/zuhurouf/ros2_ws/tool_tracker/install/tool_tracker:/opt/ros/humble /usr/bin/cmake /home/zuhurouf/ros2_ws/tool_tracker/src/external/zed-ros2-description -DAMENT_CMAKE_SYMLINK_INSTALL=1 -DCMAKE_INSTALL_PREFIX=/home/zuhurouf/ros2_ws/tool_tracker/install/zed_description
[0.303s] -- The C compiler identification is GNU 11.4.0
[0.355s] -- The CXX compiler identification is GNU 11.4.0
[0.364s] -- Detecting C compiler ABI info
[0.432s] -- Detecting C compiler ABI info - done
[0.438s] -- Check for working C compiler: /usr/bin/cc - skipped
[0.438s] -- Detecting C compile features
[0.439s] -- Detecting C compile features - done
[0.441s] -- Detecting CXX compiler ABI info
[0.501s] -- Detecting CXX compiler ABI info - done
[0.507s] -- Check for working CXX compiler: /usr/bin/c++ - skipped
[0.507s] -- Detecting CXX compile features
[0.508s] -- Detecting CXX compile features - done
[0.510s] -- Found ament_cmake_auto: 1.3.14 (/opt/ros/humble/share/ament_cmake_auto/cmake)
[0.639s] -- Found Python3: /usr/bin/python3 (found version "3.10.12") found components: Interpreter 
[0.696s] -- Override CMake install command with custom implementation using symlinks instead of copying resources
[0.809s] -- Found ament_lint_auto: 0.12.15 (/opt/ros/humble/share/ament_lint_auto/cmake)
[0.824s] -- Added test 'copyright' to check source files copyright and LICENSE
[0.828s] -- Added test 'lint_cmake' to check CMake code style
[0.831s] -- Added test 'pep257' to check Python code against some of the docstring style conventions in PEP 257
[0.834s] -- Added test 'xmllint' to check XML markup files
[0.834s] -- Configuring done
[0.838s] -- Generating done
[0.840s] -- Build files have been written to: /home/zuhurouf/ros2_ws/tool_tracker/build/zed_description
[0.846s] Invoked command in '/home/zuhurouf/ros2_ws/tool_tracker/build/zed_description' returned '0': CMAKE_PREFIX_PATH=${CMAKE_PREFIX_PATH}:/home/zuhurouf/ros2_ws/tool_tracker/install/tool_tracker:/opt/ros/humble /usr/bin/cmake /home/zuhurouf/ros2_ws/tool_tracker/src/external/zed-ros2-description -DAMENT_CMAKE_SYMLINK_INSTALL=1 -DCMAKE_INSTALL_PREFIX=/home/zuhurouf/ros2_ws/tool_tracker/install/zed_description
[0.848s] Invoking command in '/home/zuhurouf/ros2_ws/tool_tracker/build/zed_description': CMAKE_PREFIX_PATH=${CMAKE_PREFIX_PATH}:/home/zuhurouf/ros2_ws/tool_tracker/install/tool_tracker:/opt/ros/humble /usr/bin/cmake --build /home/zuhurouf/ros2_ws/tool_tracker/build/zed_description -- -j12 -l12
[0.889s] Invoked command in '/home/zuhurouf/ros2_ws/tool_tracker/build/zed_description' returned '0': CMAKE_PREFIX_PATH=${CMAKE_PREFIX_PATH}:/home/zuhurouf/ros2_ws/tool_tracker/install/tool_tracker:/opt/ros/humble /usr/bin/cmake --build /home/zuhurouf/ros2_ws/tool_tracker/build/zed_description -- -j12 -l12
[0.891s] Invoking command in '/home/zuhurouf/ros2_ws/tool_tracker/build/zed_description': CMAKE_PREFIX_PATH=${CMAKE_PREFIX_PATH}:/home/zuhurouf/ros2_ws/tool_tracker/install/tool_tracker:/opt/ros/humble /usr/bin/cmake --install /home/zuhurouf/ros2_ws/tool_tracker/build/zed_description
[0.898s] -- Install configuration: ""
[0.900s] -- Execute custom install script
[0.900s] -- Symlinking: /home/zuhurouf/ros2_ws/tool_tracker/install/zed_description/share/zed_description/urdf/zed_descr.urdf.xacro
[0.910s] -- Symlinking: /home/zuhurouf/ros2_ws/tool_tracker/install/zed_description/share/zed_description/urdf/zed_macro.urdf.xacro
[0.920s] -- Symlinking: /home/zuhurouf/ros2_ws/tool_tracker/install/zed_description/share/zed_description/meshes/virtual.stl
[0.929s] -- Symlinking: /home/zuhurouf/ros2_ws/tool_tracker/install/zed_description/share/zed_description/meshes/zed.stl
[0.938s] -- Symlinking: /home/zuhurouf/ros2_ws/tool_tracker/install/zed_description/share/zed_description/meshes/zed2.stl
[0.947s] -- Symlinking: /home/zuhurouf/ros2_ws/tool_tracker/install/zed_description/share/zed_description/meshes/zed2i.stl
[0.956s] -- Symlinking: /home/zuhurouf/ros2_ws/tool_tracker/install/zed_description/share/zed_description/meshes/zedm.stl
[0.962s] -- Symlinking: /home/zuhurouf/ros2_ws/tool_tracker/install/zed_description/share/zed_description/meshes/zedx.stl
[0.970s] -- Symlinking: /home/zuhurouf/ros2_ws/tool_tracker/install/zed_description/share/zed_description/meshes/zedxhdr.stl
[0.977s] -- Symlinking: /home/zuhurouf/ros2_ws/tool_tracker/install/zed_description/share/zed_description/meshes/zedxhdrmax.stl
[0.985s] -- Symlinking: /home/zuhurouf/ros2_ws/tool_tracker/install/zed_description/share/zed_description/meshes/zedxhdrmini.stl
[0.993s] -- Symlinking: /home/zuhurouf/ros2_ws/tool_tracker/install/zed_description/share/zed_description/meshes/zedxm.stl
[1.001s] -- Symlinking: /home/zuhurouf/ros2_ws/tool_tracker/install/zed_description/share/zed_description/meshes/zedxnano.stl
[1.008s] -- Symlinking: /home/zuhurouf/ros2_ws/tool_tracker/install/zed_description/share/zed_description/meshes/zedxone4k.stl
[1.015s] -- Symlinking: /home/zuhurouf/ros2_ws/tool_tracker/install/zed_description/share/zed_description/meshes/zedxonegs.stl
[1.023s] -- Symlinking: /home/zuhurouf/ros2_ws/tool_tracker/install/zed_description/share/zed_description/meshes/zedxonehdr.stl
[1.030s] -- Symlinking: /home/zuhurouf/ros2_ws/tool_tracker/install/zed_description/share/zed_description/meshes/zedxones.stl
[1.038s] -- Symlinking: /home/zuhurouf/ros2_ws/tool_tracker/install/zed_description/share/zed_description/rviz2/zed_description.rviz
[1.045s] -- Symlinking: /home/zuhurouf/ros2_ws/tool_tracker/install/zed_description/share/zed_description/launch/zed_viz.launch.py
[1.052s] -- Symlinking: /home/zuhurouf/ros2_ws/tool_tracker/install/zed_description/share/ament_index/resource_index/package_run_dependencies/zed_description
[1.059s] -- Symlinking: /home/zuhurouf/ros2_ws/tool_tracker/install/zed_description/share/ament_index/resource_index/parent_prefix_path/zed_description
[1.066s] -- Symlinking: /home/zuhurouf/ros2_ws/tool_tracker/install/zed_description/share/zed_description/environment/ament_prefix_path.sh
[1.074s] -- Symlinking: /home/zuhurouf/ros2_ws/tool_tracker/install/zed_description/share/zed_description/environment/ament_prefix_path.dsv
[1.080s] -- Symlinking: /home/zuhurouf/ros2_ws/tool_tracker/install/zed_description/share/zed_description/environment/path.sh
[1.087s] -- Symlinking: /home/zuhurouf/ros2_ws/tool_tracker/install/zed_description/share/zed_description/environment/path.dsv
[1.095s] -- Symlinking: /home/zuhurouf/ros2_ws/tool_tracker/install/zed_description/share/zed_description/local_setup.bash
[1.101s] -- Symlinking: /home/zuhurouf/ros2_ws/tool_tracker/install/zed_description/share/zed_description/local_setup.sh
[1.108s] -- Symlinking: /home/zuhurouf/ros2_ws/tool_tracker/install/zed_description/share/zed_description/local_setup.zsh
[1.115s] -- Symlinking: /home/zuhurouf/ros2_ws/tool_tracker/install/zed_description/share/zed_description/local_setup.dsv
[1.124s] -- Symlinking: /home/zuhurouf/ros2_ws/tool_tracker/install/zed_description/share/zed_description/package.dsv
[1.133s] -- Symlinking: /home/zuhurouf/ros2_ws/tool_tracker/install/zed_description/share/ament_index/resource_index/packages/zed_description
[1.143s] -- Symlinking: /home/zuhurouf/ros2_ws/tool_tracker/install/zed_description/share/zed_description/cmake/zed_descriptionConfig.cmake
[1.156s] -- Symlinking: /home/zuhurouf/ros2_ws/tool_tracker/install/zed_description/share/zed_description/cmake/zed_descriptionConfig-version.cmake
[1.167s] -- Symlinking: /home/zuhurouf/ros2_ws/tool_tracker/install/zed_description/share/zed_description/package.xml
[1.177s] Invoked command in '/home/zuhurouf/ros2_ws/tool_tracker/build/zed_description' returned '0': CMAKE_PREFIX_PATH=${CMAKE_PREFIX_PATH}:/home/zuhurouf/ros2_ws/tool_tracker/install/tool_tracker:/opt/ros/humble /usr/bin/cmake --install /home/zuhurouf/ros2_ws/tool_tracker/build/zed_description
