-- The C compiler identification is GNU 11.4.0
-- The CXX compiler identification is GNU 11.4.0
-- Detecting C compiler ABI info
-- Detecting C compiler ABI info - done
-- Check for working C compiler: /usr/bin/cc - skipped
-- Detecting C compile features
-- Detecting C compile features - done
-- Detecting CXX compiler ABI info
-- Detecting CXX compiler ABI info - done
-- Check for working CXX compiler: /usr/bin/c++ - skipped
-- Detecting CXX compile features
-- Detecting CXX compile features - done
-- Found ament_cmake: 1.3.14 (/opt/ros/humble/share/ament_cmake/cmake)
-- Found Python3: /usr/bin/python3 (found version "3.10.12") found components: Interpreter 
-- Override CMake install command with custom implementation using symlinks instead of copying resources
-- Configuring done
-- Generating done
-- Build files have been written to: /home/zuhurouf/ros2_ws/tool_tracker/build/open_manipulator_x_moveit_config
-- Install configuration: ""
-- Execute custom install script
-- Symlinking: /home/zuhurouf/ros2_ws/tool_tracker/install/open_manipulator_x_moveit_config/share/open_manipulator_x_moveit_config/launch/demo.launch.py
-- Symlinking: /home/zuhurouf/ros2_ws/tool_tracker/install/open_manipulator_x_moveit_config/share/open_manipulator_x_moveit_config/launch/move_group.launch.py
-- Symlinking: /home/zuhurouf/ros2_ws/tool_tracker/install/open_manipulator_x_moveit_config/share/open_manipulator_x_moveit_config/launch/moveit_core.launch.py
-- Symlinking: /home/zuhurouf/ros2_ws/tool_tracker/install/open_manipulator_x_moveit_config/share/open_manipulator_x_moveit_config/launch/moveit_gazebo.launch.py
-- Symlinking: /home/zuhurouf/ros2_ws/tool_tracker/install/open_manipulator_x_moveit_config/share/open_manipulator_x_moveit_config/launch/moveit_rviz.launch.py
-- Symlinking: /home/zuhurouf/ros2_ws/tool_tracker/install/open_manipulator_x_moveit_config/share/open_manipulator_x_moveit_config/launch/rsp.launch.py
-- Symlinking: /home/zuhurouf/ros2_ws/tool_tracker/install/open_manipulator_x_moveit_config/share/open_manipulator_x_moveit_config/launch/servo.launch.py
-- Symlinking: /home/zuhurouf/ros2_ws/tool_tracker/install/open_manipulator_x_moveit_config/share/open_manipulator_x_moveit_config/launch/setup_assistant.launch.py
-- Symlinking: /home/zuhurouf/ros2_ws/tool_tracker/install/open_manipulator_x_moveit_config/share/open_manipulator_x_moveit_config/launch/spawn_controllers.launch.py
-- Symlinking: /home/zuhurouf/ros2_ws/tool_tracker/install/open_manipulator_x_moveit_config/share/open_manipulator_x_moveit_config/launch/static_virtual_joint_tfs.launch.py
-- Symlinking: /home/zuhurouf/ros2_ws/tool_tracker/install/open_manipulator_x_moveit_config/share/open_manipulator_x_moveit_config/config/initial_positions.yaml
-- Symlinking: /home/zuhurouf/ros2_ws/tool_tracker/install/open_manipulator_x_moveit_config/share/open_manipulator_x_moveit_config/config/joint_limits.yaml
-- Symlinking: /home/zuhurouf/ros2_ws/tool_tracker/install/open_manipulator_x_moveit_config/share/open_manipulator_x_moveit_config/config/kinematics.yaml
-- Symlinking: /home/zuhurouf/ros2_ws/tool_tracker/install/open_manipulator_x_moveit_config/share/open_manipulator_x_moveit_config/config/moveit.rviz
-- Symlinking: /home/zuhurouf/ros2_ws/tool_tracker/install/open_manipulator_x_moveit_config/share/open_manipulator_x_moveit_config/config/moveit_controllers.yaml
-- Symlinking: /home/zuhurouf/ros2_ws/tool_tracker/install/open_manipulator_x_moveit_config/share/open_manipulator_x_moveit_config/config/moveit_servo.yaml
-- Symlinking: /home/zuhurouf/ros2_ws/tool_tracker/install/open_manipulator_x_moveit_config/share/open_manipulator_x_moveit_config/config/moveit_teleop.rviz
-- Symlinking: /home/zuhurouf/ros2_ws/tool_tracker/install/open_manipulator_x_moveit_config/share/open_manipulator_x_moveit_config/config/ompl_planning.yaml
-- Symlinking: /home/zuhurouf/ros2_ws/tool_tracker/install/open_manipulator_x_moveit_config/share/open_manipulator_x_moveit_config/config/open_manipulator_x.ros2_control.xacro
-- Symlinking: /home/zuhurouf/ros2_ws/tool_tracker/install/open_manipulator_x_moveit_config/share/open_manipulator_x_moveit_config/config/open_manipulator_x.srdf
-- Symlinking: /home/zuhurouf/ros2_ws/tool_tracker/install/open_manipulator_x_moveit_config/share/open_manipulator_x_moveit_config/config/open_manipulator_x.urdf.xacro
-- Symlinking: /home/zuhurouf/ros2_ws/tool_tracker/install/open_manipulator_x_moveit_config/share/open_manipulator_x_moveit_config/config/pilz_cartesian_limits.yaml
-- Symlinking: /home/zuhurouf/ros2_ws/tool_tracker/install/open_manipulator_x_moveit_config/share/open_manipulator_x_moveit_config/.setup_assistant
-- Symlinking: /home/zuhurouf/ros2_ws/tool_tracker/install/open_manipulator_x_moveit_config/share/ament_index/resource_index/package_run_dependencies/open_manipulator_x_moveit_config
-- Symlinking: /home/zuhurouf/ros2_ws/tool_tracker/install/open_manipulator_x_moveit_config/share/ament_index/resource_index/parent_prefix_path/open_manipulator_x_moveit_config
-- Symlinking: /home/zuhurouf/ros2_ws/tool_tracker/install/open_manipulator_x_moveit_config/share/open_manipulator_x_moveit_config/environment/ament_prefix_path.sh
-- Symlinking: /home/zuhurouf/ros2_ws/tool_tracker/install/open_manipulator_x_moveit_config/share/open_manipulator_x_moveit_config/environment/ament_prefix_path.dsv
-- Symlinking: /home/zuhurouf/ros2_ws/tool_tracker/install/open_manipulator_x_moveit_config/share/open_manipulator_x_moveit_config/environment/path.sh
-- Symlinking: /home/zuhurouf/ros2_ws/tool_tracker/install/open_manipulator_x_moveit_config/share/open_manipulator_x_moveit_config/environment/path.dsv
-- Symlinking: /home/zuhurouf/ros2_ws/tool_tracker/install/open_manipulator_x_moveit_config/share/open_manipulator_x_moveit_config/local_setup.bash
-- Symlinking: /home/zuhurouf/ros2_ws/tool_tracker/install/open_manipulator_x_moveit_config/share/open_manipulator_x_moveit_config/local_setup.sh
-- Symlinking: /home/zuhurouf/ros2_ws/tool_tracker/install/open_manipulator_x_moveit_config/share/open_manipulator_x_moveit_config/local_setup.zsh
-- Symlinking: /home/zuhurouf/ros2_ws/tool_tracker/install/open_manipulator_x_moveit_config/share/open_manipulator_x_moveit_config/local_setup.dsv
-- Symlinking: /home/zuhurouf/ros2_ws/tool_tracker/install/open_manipulator_x_moveit_config/share/open_manipulator_x_moveit_config/package.dsv
-- Symlinking: /home/zuhurouf/ros2_ws/tool_tracker/install/open_manipulator_x_moveit_config/share/ament_index/resource_index/packages/open_manipulator_x_moveit_config
-- Symlinking: /home/zuhurouf/ros2_ws/tool_tracker/install/open_manipulator_x_moveit_config/share/open_manipulator_x_moveit_config/cmake/open_manipulator_x_moveit_configConfig.cmake
-- Symlinking: /home/zuhurouf/ros2_ws/tool_tracker/install/open_manipulator_x_moveit_config/share/open_manipulator_x_moveit_config/cmake/open_manipulator_x_moveit_configConfig-version.cmake
-- Symlinking: /home/zuhurouf/ros2_ws/tool_tracker/install/open_manipulator_x_moveit_config/share/open_manipulator_x_moveit_config/package.xml
