[0.994s] Invoking command in '/home/zuhurouf/ros2_ws/tool_tracker/build/tool_tracker': PYTHONPATH=/home/zuhurouf/ros2_ws/tool_tracker/build/tool_tracker/prefix_override:/usr/lib/python3/dist-packages/colcon_core/task/python/colcon_distutils_commands:/home/zuhurouf/ros2_ws/tool_tracker/install/tool_tracker/lib/python3.10/site-packages:${PYTHONPATH} /usr/bin/python3 -W ignore:setup.py install is deprecated -W ignore:easy_install command is deprecated setup.py develop --editable --build-directory /home/zuhurouf/ros2_ws/tool_tracker/build/tool_tracker/build --no-deps symlink_data
[1.282s] running develop
[1.511s] running egg_info
[1.511s] creating tool_tracker.egg-info
[1.511s] writing tool_tracker.egg-info/PKG-INFO
[1.511s] writing dependency_links to tool_tracker.egg-info/dependency_links.txt
[1.511s] writing entry points to tool_tracker.egg-info/entry_points.txt
[1.511s] writing requirements to tool_tracker.egg-info/requires.txt
[1.511s] writing top-level names to tool_tracker.egg-info/top_level.txt
[1.512s] writing manifest file 'tool_tracker.egg-info/SOURCES.txt'
[1.513s] reading manifest file 'tool_tracker.egg-info/SOURCES.txt'
[1.513s] writing manifest file 'tool_tracker.egg-info/SOURCES.txt'
[1.515s] running build_ext
[1.516s] Creating /home/zuhurouf/ros2_ws/tool_tracker/install/tool_tracker/lib/python3.10/site-packages/tool-tracker.egg-link (link to .)
[1.516s] Installing tracking_node script to /home/zuhurouf/ros2_ws/tool_tracker/install/tool_tracker/lib/tool_tracker
[1.516s] 
[1.516s] Installed /home/zuhurouf/ros2_ws/tool_tracker/build/tool_tracker
[1.517s] running symlink_data
[1.517s] creating /home/zuhurouf/ros2_ws/tool_tracker/install/tool_tracker/share/ament_index
[1.517s] creating /home/zuhurouf/ros2_ws/tool_tracker/install/tool_tracker/share/ament_index/resource_index
[1.517s] creating /home/zuhurouf/ros2_ws/tool_tracker/install/tool_tracker/share/ament_index/resource_index/packages
[1.517s] symbolically linking /home/zuhurouf/ros2_ws/tool_tracker/build/tool_tracker/resource/tool_tracker -> /home/zuhurouf/ros2_ws/tool_tracker/install/tool_tracker/share/ament_index/resource_index/packages
[1.517s] symbolically linking /home/zuhurouf/ros2_ws/tool_tracker/build/tool_tracker/package.xml -> /home/zuhurouf/ros2_ws/tool_tracker/install/tool_tracker/share/tool_tracker
[1.517s] creating /home/zuhurouf/ros2_ws/tool_tracker/install/tool_tracker/share/tool_tracker/launch
[1.517s] symbolically linking /home/zuhurouf/ros2_ws/tool_tracker/build/tool_tracker/launch/sim_launch.py -> /home/zuhurouf/ros2_ws/tool_tracker/install/tool_tracker/share/tool_tracker/launch
[1.517s] creating /home/zuhurouf/ros2_ws/tool_tracker/install/tool_tracker/share/tool_tracker/urdf
[1.551s] Invoked command in '/home/zuhurouf/ros2_ws/tool_tracker/build/tool_tracker' returned '0': PYTHONPATH=/home/zuhurouf/ros2_ws/tool_tracker/build/tool_tracker/prefix_override:/usr/lib/python3/dist-packages/colcon_core/task/python/colcon_distutils_commands:/home/zuhurouf/ros2_ws/tool_tracker/install/tool_tracker/lib/python3.10/site-packages:${PYTHONPATH} /usr/bin/python3 -W ignore:setup.py install is deprecated -W ignore:easy_install command is deprecated setup.py develop --editable --build-directory /home/zuhurouf/ros2_ws/tool_tracker/build/tool_tracker/build --no-deps symlink_data
