[0.009s] Invoking command in '/home/zuhurouf/ros2_ws/tool_tracker/build/open_manipulator': CMAKE_PREFIX_PATH=/home/zuhurouf/ros2_ws/tool_tracker/install/open_manipulator_x_teleop:/home/zuhurouf/ros2_ws/tool_tracker/install/open_manipulator_x_moveit_config:/home/zuhurouf/ros2_ws/tool_tracker/install/open_manipulator_x_bringup:/home/zuhurouf/ros2_ws/tool_tracker/install/open_manipulator_x_playground:/home/zuhurouf/ros2_ws/tool_tracker/install/open_manipulator_x_gui:/home/zuhurouf/ros2_ws/tool_tracker/install/open_manipulator_x_description:/home/zuhurouf/ros2_ws/tool_tracker/install/zed_description:/home/zuhurouf/ros2_ws/tool_tracker/install/open_manipulator:/home/zuhurouf/ros2_ws/tool_tracker/install/tool_tracker:/opt/ros/humble /usr/bin/cmake --build /home/zuhurouf/ros2_ws/tool_tracker/build/open_manipulator -- -j12 -l12
[0.036s] Invoked command in '/home/zuhurouf/ros2_ws/tool_tracker/build/open_manipulator' returned '0': CMAKE_PREFIX_PATH=/home/zuhurouf/ros2_ws/tool_tracker/install/open_manipulator_x_teleop:/home/zuhurouf/ros2_ws/tool_tracker/install/open_manipulator_x_moveit_config:/home/zuhurouf/ros2_ws/tool_tracker/install/open_manipulator_x_bringup:/home/zuhurouf/ros2_ws/tool_tracker/install/open_manipulator_x_playground:/home/zuhurouf/ros2_ws/tool_tracker/install/open_manipulator_x_gui:/home/zuhurouf/ros2_ws/tool_tracker/install/open_manipulator_x_description:/home/zuhurouf/ros2_ws/tool_tracker/install/zed_description:/home/zuhurouf/ros2_ws/tool_tracker/install/open_manipulator:/home/zuhurouf/ros2_ws/tool_tracker/install/tool_tracker:/opt/ros/humble /usr/bin/cmake --build /home/zuhurouf/ros2_ws/tool_tracker/build/open_manipulator -- -j12 -l12
[0.037s] Invoking command in '/home/zuhurouf/ros2_ws/tool_tracker/build/open_manipulator': CMAKE_PREFIX_PATH=/home/zuhurouf/ros2_ws/tool_tracker/install/open_manipulator_x_teleop:/home/zuhurouf/ros2_ws/tool_tracker/install/open_manipulator_x_moveit_config:/home/zuhurouf/ros2_ws/tool_tracker/install/open_manipulator_x_bringup:/home/zuhurouf/ros2_ws/tool_tracker/install/open_manipulator_x_playground:/home/zuhurouf/ros2_ws/tool_tracker/install/open_manipulator_x_gui:/home/zuhurouf/ros2_ws/tool_tracker/install/open_manipulator_x_description:/home/zuhurouf/ros2_ws/tool_tracker/install/zed_description:/home/zuhurouf/ros2_ws/tool_tracker/install/open_manipulator:/home/zuhurouf/ros2_ws/tool_tracker/install/tool_tracker:/opt/ros/humble /usr/bin/cmake --install /home/zuhurouf/ros2_ws/tool_tracker/build/open_manipulator
[0.041s] -- Install configuration: ""
[0.042s] -- Execute custom install script
[0.042s] -- Up-to-date symlink: /home/zuhurouf/ros2_ws/tool_tracker/install/open_manipulator/share/ament_index/resource_index/package_run_dependencies/open_manipulator
[0.042s] -- Up-to-date symlink: /home/zuhurouf/ros2_ws/tool_tracker/install/open_manipulator/share/ament_index/resource_index/parent_prefix_path/open_manipulator
[0.042s] -- Up-to-date symlink: /home/zuhurouf/ros2_ws/tool_tracker/install/open_manipulator/share/open_manipulator/environment/ament_prefix_path.sh
[0.042s] -- Up-to-date symlink: /home/zuhurouf/ros2_ws/tool_tracker/install/open_manipulator/share/open_manipulator/environment/ament_prefix_path.dsv
[0.042s] -- Up-to-date symlink: /home/zuhurouf/ros2_ws/tool_tracker/install/open_manipulator/share/open_manipulator/environment/path.sh
[0.042s] -- Up-to-date symlink: /home/zuhurouf/ros2_ws/tool_tracker/install/open_manipulator/share/open_manipulator/environment/path.dsv
[0.042s] -- Up-to-date symlink: /home/zuhurouf/ros2_ws/tool_tracker/install/open_manipulator/share/open_manipulator/local_setup.bash
[0.042s] -- Up-to-date symlink: /home/zuhurouf/ros2_ws/tool_tracker/install/open_manipulator/share/open_manipulator/local_setup.sh
[0.043s] -- Up-to-date symlink: /home/zuhurouf/ros2_ws/tool_tracker/install/open_manipulator/share/open_manipulator/local_setup.zsh
[0.043s] -- Up-to-date symlink: /home/zuhurouf/ros2_ws/tool_tracker/install/open_manipulator/share/open_manipulator/local_setup.dsv
[0.043s] -- Symlinking: /home/zuhurouf/ros2_ws/tool_tracker/install/open_manipulator/share/open_manipulator/package.dsv
[0.049s] -- Up-to-date symlink: /home/zuhurouf/ros2_ws/tool_tracker/install/open_manipulator/share/ament_index/resource_index/packages/open_manipulator
[0.049s] -- Up-to-date symlink: /home/zuhurouf/ros2_ws/tool_tracker/install/open_manipulator/share/open_manipulator/cmake/open_manipulatorConfig.cmake
[0.049s] -- Up-to-date symlink: /home/zuhurouf/ros2_ws/tool_tracker/install/open_manipulator/share/open_manipulator/cmake/open_manipulatorConfig-version.cmake
[0.049s] -- Up-to-date symlink: /home/zuhurouf/ros2_ws/tool_tracker/install/open_manipulator/share/open_manipulator/package.xml
[0.051s] Invoked command in '/home/zuhurouf/ros2_ws/tool_tracker/build/open_manipulator' returned '0': CMAKE_PREFIX_PATH=/home/zuhurouf/ros2_ws/tool_tracker/install/open_manipulator_x_teleop:/home/zuhurouf/ros2_ws/tool_tracker/install/open_manipulator_x_moveit_config:/home/zuhurouf/ros2_ws/tool_tracker/install/open_manipulator_x_bringup:/home/zuhurouf/ros2_ws/tool_tracker/install/open_manipulator_x_playground:/home/zuhurouf/ros2_ws/tool_tracker/install/open_manipulator_x_gui:/home/zuhurouf/ros2_ws/tool_tracker/install/open_manipulator_x_description:/home/zuhurouf/ros2_ws/tool_tracker/install/zed_description:/home/zuhurouf/ros2_ws/tool_tracker/install/open_manipulator:/home/zuhurouf/ros2_ws/tool_tracker/install/tool_tracker:/opt/ros/humble /usr/bin/cmake --install /home/zuhurouf/ros2_ws/tool_tracker/build/open_manipulator
