[0.011s] Invoking command in '/home/zuhurouf/ros2_ws/tool_tracker/build/open_manipulator_x_bringup': CMAKE_PREFIX_PATH=/home/zuhurouf/ros2_ws/tool_tracker/install/open_manipulator_x_description:/home/zuhurouf/ros2_ws/tool_tracker/install/zed_description:/home/zuhurouf/ros2_ws/tool_tracker/install/open_manipulator:/home/zuhurouf/ros2_ws/tool_tracker/install/open_manipulator_x_teleop:/home/zuhurouf/ros2_ws/tool_tracker/install/open_manipulator_x_playground:/home/zuhurouf/ros2_ws/tool_tracker/install/open_manipulator_x_moveit_config:/home/zuhurouf/ros2_ws/tool_tracker/install/open_manipulator_x_gui:/home/zuhurouf/ros2_ws/tool_tracker/install/open_manipulator_x_bringup:/home/zuhurouf/ros2_ws/tool_tracker/install/tool_tracker:/opt/ros/humble /usr/bin/cmake /home/zuhurouf/ros2_ws/tool_tracker/src/external/open_manipulator/open_manipulator_x_bringup -DAMENT_CMAKE_SYMLINK_INSTALL=1 -DCMAKE_INSTALL_PREFIX=/home/zuhurouf/ros2_ws/tool_tracker/install/open_manipulator_x_bringup
[0.059s] -- The C compiler identification is GNU 11.4.0
[0.119s] -- The CXX compiler identification is GNU 11.4.0
[0.125s] -- Detecting C compiler ABI info
[0.184s] -- Detecting C compiler ABI info - done
[0.192s] -- Check for working C compiler: /usr/bin/cc - skipped
[0.192s] -- Detecting C compile features
[0.192s] -- Detecting C compile features - done
[0.195s] -- Detecting CXX compiler ABI info
[0.263s] -- Detecting CXX compiler ABI info - done
[0.270s] -- Check for working CXX compiler: /usr/bin/c++ - skipped
[0.270s] -- Detecting CXX compile features
[0.270s] -- Detecting CXX compile features - done
[0.272s] -- Found ament_cmake: 1.3.14 (/opt/ros/humble/share/ament_cmake/cmake)
[0.413s] -- Found Python3: /usr/bin/python3 (found version "3.10.12") found components: Interpreter 
[0.466s] -- Override CMake install command with custom implementation using symlinks instead of copying resources
[0.592s] -- Configuring done
[0.595s] -- Generating done
[0.597s] -- Build files have been written to: /home/zuhurouf/ros2_ws/tool_tracker/build/open_manipulator_x_bringup
[0.602s] Invoked command in '/home/zuhurouf/ros2_ws/tool_tracker/build/open_manipulator_x_bringup' returned '0': CMAKE_PREFIX_PATH=/home/zuhurouf/ros2_ws/tool_tracker/install/open_manipulator_x_description:/home/zuhurouf/ros2_ws/tool_tracker/install/zed_description:/home/zuhurouf/ros2_ws/tool_tracker/install/open_manipulator:/home/zuhurouf/ros2_ws/tool_tracker/install/open_manipulator_x_teleop:/home/zuhurouf/ros2_ws/tool_tracker/install/open_manipulator_x_playground:/home/zuhurouf/ros2_ws/tool_tracker/install/open_manipulator_x_moveit_config:/home/zuhurouf/ros2_ws/tool_tracker/install/open_manipulator_x_gui:/home/zuhurouf/ros2_ws/tool_tracker/install/open_manipulator_x_bringup:/home/zuhurouf/ros2_ws/tool_tracker/install/tool_tracker:/opt/ros/humble /usr/bin/cmake /home/zuhurouf/ros2_ws/tool_tracker/src/external/open_manipulator/open_manipulator_x_bringup -DAMENT_CMAKE_SYMLINK_INSTALL=1 -DCMAKE_INSTALL_PREFIX=/home/zuhurouf/ros2_ws/tool_tracker/install/open_manipulator_x_bringup
[0.603s] Invoking command in '/home/zuhurouf/ros2_ws/tool_tracker/build/open_manipulator_x_bringup': CMAKE_PREFIX_PATH=/home/zuhurouf/ros2_ws/tool_tracker/install/open_manipulator_x_description:/home/zuhurouf/ros2_ws/tool_tracker/install/zed_description:/home/zuhurouf/ros2_ws/tool_tracker/install/open_manipulator:/home/zuhurouf/ros2_ws/tool_tracker/install/open_manipulator_x_teleop:/home/zuhurouf/ros2_ws/tool_tracker/install/open_manipulator_x_playground:/home/zuhurouf/ros2_ws/tool_tracker/install/open_manipulator_x_moveit_config:/home/zuhurouf/ros2_ws/tool_tracker/install/open_manipulator_x_gui:/home/zuhurouf/ros2_ws/tool_tracker/install/open_manipulator_x_bringup:/home/zuhurouf/ros2_ws/tool_tracker/install/tool_tracker:/opt/ros/humble /usr/bin/cmake --build /home/zuhurouf/ros2_ws/tool_tracker/build/open_manipulator_x_bringup -- -j12 -l12
[0.633s] Invoked command in '/home/zuhurouf/ros2_ws/tool_tracker/build/open_manipulator_x_bringup' returned '0': CMAKE_PREFIX_PATH=/home/zuhurouf/ros2_ws/tool_tracker/install/open_manipulator_x_description:/home/zuhurouf/ros2_ws/tool_tracker/install/zed_description:/home/zuhurouf/ros2_ws/tool_tracker/install/open_manipulator:/home/zuhurouf/ros2_ws/tool_tracker/install/open_manipulator_x_teleop:/home/zuhurouf/ros2_ws/tool_tracker/install/open_manipulator_x_playground:/home/zuhurouf/ros2_ws/tool_tracker/install/open_manipulator_x_moveit_config:/home/zuhurouf/ros2_ws/tool_tracker/install/open_manipulator_x_gui:/home/zuhurouf/ros2_ws/tool_tracker/install/open_manipulator_x_bringup:/home/zuhurouf/ros2_ws/tool_tracker/install/tool_tracker:/opt/ros/humble /usr/bin/cmake --build /home/zuhurouf/ros2_ws/tool_tracker/build/open_manipulator_x_bringup -- -j12 -l12
[0.635s] Invoking command in '/home/zuhurouf/ros2_ws/tool_tracker/build/open_manipulator_x_bringup': CMAKE_PREFIX_PATH=/home/zuhurouf/ros2_ws/tool_tracker/install/open_manipulator_x_description:/home/zuhurouf/ros2_ws/tool_tracker/install/zed_description:/home/zuhurouf/ros2_ws/tool_tracker/install/open_manipulator:/home/zuhurouf/ros2_ws/tool_tracker/install/open_manipulator_x_teleop:/home/zuhurouf/ros2_ws/tool_tracker/install/open_manipulator_x_playground:/home/zuhurouf/ros2_ws/tool_tracker/install/open_manipulator_x_moveit_config:/home/zuhurouf/ros2_ws/tool_tracker/install/open_manipulator_x_gui:/home/zuhurouf/ros2_ws/tool_tracker/install/open_manipulator_x_bringup:/home/zuhurouf/ros2_ws/tool_tracker/install/tool_tracker:/opt/ros/humble /usr/bin/cmake --install /home/zuhurouf/ros2_ws/tool_tracker/build/open_manipulator_x_bringup
[0.640s] -- Install configuration: ""
[0.640s] -- Execute custom install script
[0.640s] -- Symlinking: /home/zuhurouf/ros2_ws/tool_tracker/install/open_manipulator_x_bringup/share/open_manipulator_x_bringup/launch/base.launch.py
[0.648s] -- Symlinking: /home/zuhurouf/ros2_ws/tool_tracker/install/open_manipulator_x_bringup/share/open_manipulator_x_bringup/launch/fake.launch.py
[0.655s] -- Symlinking: /home/zuhurouf/ros2_ws/tool_tracker/install/open_manipulator_x_bringup/share/open_manipulator_x_bringup/launch/gazebo.launch.py
[0.661s] -- Symlinking: /home/zuhurouf/ros2_ws/tool_tracker/install/open_manipulator_x_bringup/share/open_manipulator_x_bringup/launch/hardware.launch.py
[0.668s] -- Symlinking: /home/zuhurouf/ros2_ws/tool_tracker/install/open_manipulator_x_bringup/share/open_manipulator_x_bringup/config/gazebo_controller_manager.yaml
[0.675s] -- Symlinking: /home/zuhurouf/ros2_ws/tool_tracker/install/open_manipulator_x_bringup/share/open_manipulator_x_bringup/config/hardware_controller_manager.yaml
[0.682s] -- Symlinking: /home/zuhurouf/ros2_ws/tool_tracker/install/open_manipulator_x_bringup/share/open_manipulator_x_bringup/rviz/open_manipulator_x.rviz
[0.688s] -- Symlinking: /home/zuhurouf/ros2_ws/tool_tracker/install/open_manipulator_x_bringup/share/open_manipulator_x_bringup/worlds/empty_world.model
[0.696s] -- Symlinking: /home/zuhurouf/ros2_ws/tool_tracker/install/open_manipulator_x_bringup/share/open_manipulator_x_bringup/99-open-manipulator-cdc.rules
[0.703s] -- Symlinking: /home/zuhurouf/ros2_ws/tool_tracker/install/open_manipulator_x_bringup/lib/open_manipulator_x_bringup/create_udev_rules
[0.710s] -- Symlinking: /home/zuhurouf/ros2_ws/tool_tracker/install/open_manipulator_x_bringup/share/ament_index/resource_index/package_run_dependencies/open_manipulator_x_bringup
[0.717s] -- Symlinking: /home/zuhurouf/ros2_ws/tool_tracker/install/open_manipulator_x_bringup/share/ament_index/resource_index/parent_prefix_path/open_manipulator_x_bringup
[0.725s] -- Symlinking: /home/zuhurouf/ros2_ws/tool_tracker/install/open_manipulator_x_bringup/share/open_manipulator_x_bringup/environment/ament_prefix_path.sh
[0.731s] -- Symlinking: /home/zuhurouf/ros2_ws/tool_tracker/install/open_manipulator_x_bringup/share/open_manipulator_x_bringup/environment/ament_prefix_path.dsv
[0.738s] -- Symlinking: /home/zuhurouf/ros2_ws/tool_tracker/install/open_manipulator_x_bringup/share/open_manipulator_x_bringup/environment/path.sh
[0.744s] -- Symlinking: /home/zuhurouf/ros2_ws/tool_tracker/install/open_manipulator_x_bringup/share/open_manipulator_x_bringup/environment/path.dsv
[0.750s] -- Symlinking: /home/zuhurouf/ros2_ws/tool_tracker/install/open_manipulator_x_bringup/share/open_manipulator_x_bringup/local_setup.bash
[0.757s] -- Symlinking: /home/zuhurouf/ros2_ws/tool_tracker/install/open_manipulator_x_bringup/share/open_manipulator_x_bringup/local_setup.sh
[0.764s] -- Symlinking: /home/zuhurouf/ros2_ws/tool_tracker/install/open_manipulator_x_bringup/share/open_manipulator_x_bringup/local_setup.zsh
[0.770s] -- Symlinking: /home/zuhurouf/ros2_ws/tool_tracker/install/open_manipulator_x_bringup/share/open_manipulator_x_bringup/local_setup.dsv
[0.777s] -- Symlinking: /home/zuhurouf/ros2_ws/tool_tracker/install/open_manipulator_x_bringup/share/open_manipulator_x_bringup/package.dsv
[0.783s] -- Symlinking: /home/zuhurouf/ros2_ws/tool_tracker/install/open_manipulator_x_bringup/share/ament_index/resource_index/packages/open_manipulator_x_bringup
[0.789s] -- Symlinking: /home/zuhurouf/ros2_ws/tool_tracker/install/open_manipulator_x_bringup/share/open_manipulator_x_bringup/cmake/open_manipulator_x_bringupConfig.cmake
[0.795s] -- Symlinking: /home/zuhurouf/ros2_ws/tool_tracker/install/open_manipulator_x_bringup/share/open_manipulator_x_bringup/cmake/open_manipulator_x_bringupConfig-version.cmake
[0.803s] -- Symlinking: /home/zuhurouf/ros2_ws/tool_tracker/install/open_manipulator_x_bringup/share/open_manipulator_x_bringup/package.xml
[0.811s] Invoked command in '/home/zuhurouf/ros2_ws/tool_tracker/build/open_manipulator_x_bringup' returned '0': CMAKE_PREFIX_PATH=/home/zuhurouf/ros2_ws/tool_tracker/install/open_manipulator_x_description:/home/zuhurouf/ros2_ws/tool_tracker/install/zed_description:/home/zuhurouf/ros2_ws/tool_tracker/install/open_manipulator:/home/zuhurouf/ros2_ws/tool_tracker/install/open_manipulator_x_teleop:/home/zuhurouf/ros2_ws/tool_tracker/install/open_manipulator_x_playground:/home/zuhurouf/ros2_ws/tool_tracker/install/open_manipulator_x_moveit_config:/home/zuhurouf/ros2_ws/tool_tracker/install/open_manipulator_x_gui:/home/zuhurouf/ros2_ws/tool_tracker/install/open_manipulator_x_bringup:/home/zuhurouf/ros2_ws/tool_tracker/install/tool_tracker:/opt/ros/humble /usr/bin/cmake --install /home/zuhurouf/ros2_ws/tool_tracker/build/open_manipulator_x_bringup
