[1.484s] Invoking command in '/home/zuhurouf/ros2_ws/tool_tracker/build/tool_tracker': CMAKE_PREFIX_PATH=/home/zuhurouf/ros2_ws/tool_tracker/install/zed_description:/home/zuhurouf/ros2_ws/tool_tracker/install/open_manipulator_x_description:/home/zuhurouf/ros2_ws/tool_tracker/install/open_manipulator:/home/zuhurouf/ros2_ws/tool_tracker/install/open_manipulator_x_teleop:/home/zuhurouf/ros2_ws/tool_tracker/install/open_manipulator_x_playground:/home/zuhurouf/ros2_ws/tool_tracker/install/open_manipulator_x_moveit_config:/home/zuhurouf/ros2_ws/tool_tracker/install/open_manipulator_x_gui:/home/zuhurouf/ros2_ws/tool_tracker/install/open_manipulator_x_bringup PYTHONPATH=/home/zuhurouf/ros2_ws/tool_tracker/build/tool_tracker/prefix_override:/usr/lib/python3/dist-packages/colcon_core/task/python/colcon_distutils_commands:/home/zuhurouf/ros2_ws/tool_tracker/install/tool_tracker/lib/python3.10/site-packages:${PYTHONPATH} /usr/bin/python3 -W ignore:setup.py install is deprecated -W ignore:easy_install command is deprecated setup.py develop --editable --build-directory /home/zuhurouf/ros2_ws/tool_tracker/build/tool_tracker/build --no-deps symlink_data
[2.115s] running develop
[2.497s] running egg_info
[2.497s] creating tool_tracker.egg-info
[2.498s] writing tool_tracker.egg-info/PKG-INFO
[2.498s] writing dependency_links to tool_tracker.egg-info/dependency_links.txt
[2.499s] writing entry points to tool_tracker.egg-info/entry_points.txt
[2.499s] writing requirements to tool_tracker.egg-info/requires.txt
[2.499s] writing top-level names to tool_tracker.egg-info/top_level.txt
[2.499s] writing manifest file 'tool_tracker.egg-info/SOURCES.txt'
[2.502s] reading manifest file 'tool_tracker.egg-info/SOURCES.txt'
[2.503s] writing manifest file 'tool_tracker.egg-info/SOURCES.txt'
[2.505s] running build_ext
[2.505s] Creating /home/zuhurouf/ros2_ws/tool_tracker/install/tool_tracker/lib/python3.10/site-packages/tool-tracker.egg-link (link to .)
[2.507s] Installing tracker_node script to /home/zuhurouf/ros2_ws/tool_tracker/install/tool_tracker/lib/tool_tracker
[2.507s] 
[2.507s] Installed /home/zuhurouf/ros2_ws/tool_tracker/build/tool_tracker
[2.508s] running symlink_data
[2.508s] creating /home/zuhurouf/ros2_ws/tool_tracker/install/tool_tracker/share/ament_index
[2.508s] creating /home/zuhurouf/ros2_ws/tool_tracker/install/tool_tracker/share/ament_index/resource_index
[2.508s] creating /home/zuhurouf/ros2_ws/tool_tracker/install/tool_tracker/share/ament_index/resource_index/packages
[2.508s] symbolically linking /home/zuhurouf/ros2_ws/tool_tracker/build/tool_tracker/resource/tool_tracker -> /home/zuhurouf/ros2_ws/tool_tracker/install/tool_tracker/share/ament_index/resource_index/packages
[2.508s] symbolically linking /home/zuhurouf/ros2_ws/tool_tracker/build/tool_tracker/package.xml -> /home/zuhurouf/ros2_ws/tool_tracker/install/tool_tracker/share/tool_tracker
[2.508s] creating /home/zuhurouf/ros2_ws/tool_tracker/install/tool_tracker/share/tool_tracker/launch
[2.508s] symbolically linking /home/zuhurouf/ros2_ws/tool_tracker/build/tool_tracker/launch/sim_launch.py -> /home/zuhurouf/ros2_ws/tool_tracker/install/tool_tracker/share/tool_tracker/launch
[2.508s] creating /home/zuhurouf/ros2_ws/tool_tracker/install/tool_tracker/share/tool_tracker/urdf
[2.508s] symbolically linking /home/zuhurouf/ros2_ws/tool_tracker/build/tool_tracker/urdf/camera_sensor.xacro -> /home/zuhurouf/ros2_ws/tool_tracker/install/tool_tracker/share/tool_tracker/urdf
[2.508s] symbolically linking /home/zuhurouf/ros2_ws/tool_tracker/build/tool_tracker/urdf/simulation_scene.xacro -> /home/zuhurouf/ros2_ws/tool_tracker/install/tool_tracker/share/tool_tracker/urdf
[2.554s] Invoked command in '/home/zuhurouf/ros2_ws/tool_tracker/build/tool_tracker' returned '0': CMAKE_PREFIX_PATH=/home/zuhurouf/ros2_ws/tool_tracker/install/zed_description:/home/zuhurouf/ros2_ws/tool_tracker/install/open_manipulator_x_description:/home/zuhurouf/ros2_ws/tool_tracker/install/open_manipulator:/home/zuhurouf/ros2_ws/tool_tracker/install/open_manipulator_x_teleop:/home/zuhurouf/ros2_ws/tool_tracker/install/open_manipulator_x_playground:/home/zuhurouf/ros2_ws/tool_tracker/install/open_manipulator_x_moveit_config:/home/zuhurouf/ros2_ws/tool_tracker/install/open_manipulator_x_gui:/home/zuhurouf/ros2_ws/tool_tracker/install/open_manipulator_x_bringup PYTHONPATH=/home/zuhurouf/ros2_ws/tool_tracker/build/tool_tracker/prefix_override:/usr/lib/python3/dist-packages/colcon_core/task/python/colcon_distutils_commands:/home/zuhurouf/ros2_ws/tool_tracker/install/tool_tracker/lib/python3.10/site-packages:${PYTHONPATH} /usr/bin/python3 -W ignore:setup.py install is deprecated -W ignore:easy_install command is deprecated setup.py develop --editable --build-directory /home/zuhurouf/ros2_ws/tool_tracker/build/tool_tracker/build --no-deps symlink_data
