-- The C compiler identification is GNU 11.4.0
-- The CXX compiler identification is GNU 11.4.0
-- Detecting C compiler ABI info
-- Detecting C compiler ABI info - done
-- Check for working C compiler: /usr/bin/cc - skipped
-- Detecting C compile features
-- Detecting C compile features - done
-- Detecting CXX compiler ABI info
-- Detecting CXX compiler ABI info - done
-- Check for working CXX compiler: /usr/bin/c++ - skipped
-- Detecting CXX compile features
-- Detecting CXX compile features - done
-- Found ament_cmake: 1.3.14 (/opt/ros/humble/share/ament_cmake/cmake)
-- Found Python3: /usr/bin/python3 (found version "3.10.12") found components: Interpreter 
-- Override CMake install command with custom implementation using symlinks instead of copying resources
-- Configuring done
-- Generating done
-- Build files have been written to: /home/zuhurouf/ros2_ws/tool_tracker/build/open_manipulator
-- Install configuration: ""
-- Execute custom install script
-- Symlinking: /home/zuhurouf/ros2_ws/tool_tracker/install/open_manipulator/share/ament_index/resource_index/package_run_dependencies/open_manipulator
-- Symlinking: /home/zuhurouf/ros2_ws/tool_tracker/install/open_manipulator/share/ament_index/resource_index/parent_prefix_path/open_manipulator
-- Symlinking: /home/zuhurouf/ros2_ws/tool_tracker/install/open_manipulator/share/open_manipulator/environment/ament_prefix_path.sh
-- Symlinking: /home/zuhurouf/ros2_ws/tool_tracker/install/open_manipulator/share/open_manipulator/environment/ament_prefix_path.dsv
-- Symlinking: /home/zuhurouf/ros2_ws/tool_tracker/install/open_manipulator/share/open_manipulator/environment/path.sh
-- Symlinking: /home/zuhurouf/ros2_ws/tool_tracker/install/open_manipulator/share/open_manipulator/environment/path.dsv
-- Symlinking: /home/zuhurouf/ros2_ws/tool_tracker/install/open_manipulator/share/open_manipulator/local_setup.bash
-- Symlinking: /home/zuhurouf/ros2_ws/tool_tracker/install/open_manipulator/share/open_manipulator/local_setup.sh
-- Symlinking: /home/zuhurouf/ros2_ws/tool_tracker/install/open_manipulator/share/open_manipulator/local_setup.zsh
-- Symlinking: /home/zuhurouf/ros2_ws/tool_tracker/install/open_manipulator/share/open_manipulator/local_setup.dsv
-- Symlinking: /home/zuhurouf/ros2_ws/tool_tracker/install/open_manipulator/share/open_manipulator/package.dsv
-- Symlinking: /home/zuhurouf/ros2_ws/tool_tracker/install/open_manipulator/share/ament_index/resource_index/packages/open_manipulator
-- Symlinking: /home/zuhurouf/ros2_ws/tool_tracker/install/open_manipulator/share/open_manipulator/cmake/open_manipulatorConfig.cmake
-- Symlinking: /home/zuhurouf/ros2_ws/tool_tracker/install/open_manipulator/share/open_manipulator/cmake/open_manipulatorConfig-version.cmake
-- Symlinking: /home/zuhurouf/ros2_ws/tool_tracker/install/open_manipulator/share/open_manipulator/package.xml
