[0.009s] Invoking command in '/home/zuhurouf/ros2_ws/tool_tracker/build/open_manipulator': CMAKE_PREFIX_PATH=/home/zuhurouf/ros2_ws/tool_tracker/install/open_manipulator_x_teleop:/home/zuhurouf/ros2_ws/tool_tracker/install/open_manipulator_x_moveit_config:/home/zuhurouf/ros2_ws/tool_tracker/install/open_manipulator_x_bringup:/home/zuhurouf/ros2_ws/tool_tracker/install/open_manipulator_x_playground:/home/zuhurouf/ros2_ws/tool_tracker/install/open_manipulator_x_gui:/home/zuhurouf/ros2_ws/tool_tracker/install/open_manipulator_x_description:/home/zuhurouf/ros2_ws/tool_tracker/install/zed_description:/home/zuhurouf/ros2_ws/tool_tracker/install/open_manipulator:/home/zuhurouf/ros2_ws/tool_tracker/install/tool_tracker:/opt/ros/humble /usr/bin/cmake /home/zuhurouf/ros2_ws/tool_tracker/src/external/open_manipulator/open_manipulator -DAMENT_CMAKE_SYMLINK_INSTALL=1 -DCMAKE_INSTALL_PREFIX=/home/zuhurouf/ros2_ws/tool_tracker/install/open_manipulator
[0.046s] -- The C compiler identification is GNU 11.4.0
[0.087s] -- The CXX compiler identification is GNU 11.4.0
[0.091s] -- Detecting C compiler ABI info
[0.149s] -- Detecting C compiler ABI info - done
[0.154s] -- Check for working C compiler: /usr/bin/cc - skipped
[0.154s] -- Detecting C compile features
[0.155s] -- Detecting C compile features - done
[0.157s] -- Detecting CXX compiler ABI info
[0.210s] -- Detecting CXX compiler ABI info - done
[0.214s] -- Check for working CXX compiler: /usr/bin/c++ - skipped
[0.215s] -- Detecting CXX compile features
[0.215s] -- Detecting CXX compile features - done
[0.217s] -- Found ament_cmake: 1.3.14 (/opt/ros/humble/share/ament_cmake/cmake)
[0.320s] -- Found Python3: /usr/bin/python3 (found version "3.10.12") found components: Interpreter 
[0.365s] -- Override CMake install command with custom implementation using symlinks instead of copying resources
[0.469s] -- Configuring done
[0.470s] -- Generating done
[0.471s] -- Build files have been written to: /home/zuhurouf/ros2_ws/tool_tracker/build/open_manipulator
[0.474s] Invoked command in '/home/zuhurouf/ros2_ws/tool_tracker/build/open_manipulator' returned '0': CMAKE_PREFIX_PATH=/home/zuhurouf/ros2_ws/tool_tracker/install/open_manipulator_x_teleop:/home/zuhurouf/ros2_ws/tool_tracker/install/open_manipulator_x_moveit_config:/home/zuhurouf/ros2_ws/tool_tracker/install/open_manipulator_x_bringup:/home/zuhurouf/ros2_ws/tool_tracker/install/open_manipulator_x_playground:/home/zuhurouf/ros2_ws/tool_tracker/install/open_manipulator_x_gui:/home/zuhurouf/ros2_ws/tool_tracker/install/open_manipulator_x_description:/home/zuhurouf/ros2_ws/tool_tracker/install/zed_description:/home/zuhurouf/ros2_ws/tool_tracker/install/open_manipulator:/home/zuhurouf/ros2_ws/tool_tracker/install/tool_tracker:/opt/ros/humble /usr/bin/cmake /home/zuhurouf/ros2_ws/tool_tracker/src/external/open_manipulator/open_manipulator -DAMENT_CMAKE_SYMLINK_INSTALL=1 -DCMAKE_INSTALL_PREFIX=/home/zuhurouf/ros2_ws/tool_tracker/install/open_manipulator
[0.475s] Invoking command in '/home/zuhurouf/ros2_ws/tool_tracker/build/open_manipulator': CMAKE_PREFIX_PATH=/home/zuhurouf/ros2_ws/tool_tracker/install/open_manipulator_x_teleop:/home/zuhurouf/ros2_ws/tool_tracker/install/open_manipulator_x_moveit_config:/home/zuhurouf/ros2_ws/tool_tracker/install/open_manipulator_x_bringup:/home/zuhurouf/ros2_ws/tool_tracker/install/open_manipulator_x_playground:/home/zuhurouf/ros2_ws/tool_tracker/install/open_manipulator_x_gui:/home/zuhurouf/ros2_ws/tool_tracker/install/open_manipulator_x_description:/home/zuhurouf/ros2_ws/tool_tracker/install/zed_description:/home/zuhurouf/ros2_ws/tool_tracker/install/open_manipulator:/home/zuhurouf/ros2_ws/tool_tracker/install/tool_tracker:/opt/ros/humble /usr/bin/cmake --build /home/zuhurouf/ros2_ws/tool_tracker/build/open_manipulator -- -j12 -l12
[0.502s] Invoked command in '/home/zuhurouf/ros2_ws/tool_tracker/build/open_manipulator' returned '0': CMAKE_PREFIX_PATH=/home/zuhurouf/ros2_ws/tool_tracker/install/open_manipulator_x_teleop:/home/zuhurouf/ros2_ws/tool_tracker/install/open_manipulator_x_moveit_config:/home/zuhurouf/ros2_ws/tool_tracker/install/open_manipulator_x_bringup:/home/zuhurouf/ros2_ws/tool_tracker/install/open_manipulator_x_playground:/home/zuhurouf/ros2_ws/tool_tracker/install/open_manipulator_x_gui:/home/zuhurouf/ros2_ws/tool_tracker/install/open_manipulator_x_description:/home/zuhurouf/ros2_ws/tool_tracker/install/zed_description:/home/zuhurouf/ros2_ws/tool_tracker/install/open_manipulator:/home/zuhurouf/ros2_ws/tool_tracker/install/tool_tracker:/opt/ros/humble /usr/bin/cmake --build /home/zuhurouf/ros2_ws/tool_tracker/build/open_manipulator -- -j12 -l12
[0.503s] Invoking command in '/home/zuhurouf/ros2_ws/tool_tracker/build/open_manipulator': CMAKE_PREFIX_PATH=/home/zuhurouf/ros2_ws/tool_tracker/install/open_manipulator_x_teleop:/home/zuhurouf/ros2_ws/tool_tracker/install/open_manipulator_x_moveit_config:/home/zuhurouf/ros2_ws/tool_tracker/install/open_manipulator_x_bringup:/home/zuhurouf/ros2_ws/tool_tracker/install/open_manipulator_x_playground:/home/zuhurouf/ros2_ws/tool_tracker/install/open_manipulator_x_gui:/home/zuhurouf/ros2_ws/tool_tracker/install/open_manipulator_x_description:/home/zuhurouf/ros2_ws/tool_tracker/install/zed_description:/home/zuhurouf/ros2_ws/tool_tracker/install/open_manipulator:/home/zuhurouf/ros2_ws/tool_tracker/install/tool_tracker:/opt/ros/humble /usr/bin/cmake --install /home/zuhurouf/ros2_ws/tool_tracker/build/open_manipulator
[0.508s] -- Install configuration: ""
[0.508s] -- Execute custom install script
[0.508s] -- Symlinking: /home/zuhurouf/ros2_ws/tool_tracker/install/open_manipulator/share/ament_index/resource_index/package_run_dependencies/open_manipulator
[0.515s] -- Symlinking: /home/zuhurouf/ros2_ws/tool_tracker/install/open_manipulator/share/ament_index/resource_index/parent_prefix_path/open_manipulator
[0.522s] -- Symlinking: /home/zuhurouf/ros2_ws/tool_tracker/install/open_manipulator/share/open_manipulator/environment/ament_prefix_path.sh
[0.528s] -- Symlinking: /home/zuhurouf/ros2_ws/tool_tracker/install/open_manipulator/share/open_manipulator/environment/ament_prefix_path.dsv
[0.533s] -- Symlinking: /home/zuhurouf/ros2_ws/tool_tracker/install/open_manipulator/share/open_manipulator/environment/path.sh
[0.539s] -- Symlinking: /home/zuhurouf/ros2_ws/tool_tracker/install/open_manipulator/share/open_manipulator/environment/path.dsv
[0.544s] -- Symlinking: /home/zuhurouf/ros2_ws/tool_tracker/install/open_manipulator/share/open_manipulator/local_setup.bash
[0.550s] -- Symlinking: /home/zuhurouf/ros2_ws/tool_tracker/install/open_manipulator/share/open_manipulator/local_setup.sh
[0.556s] -- Symlinking: /home/zuhurouf/ros2_ws/tool_tracker/install/open_manipulator/share/open_manipulator/local_setup.zsh
[0.562s] -- Symlinking: /home/zuhurouf/ros2_ws/tool_tracker/install/open_manipulator/share/open_manipulator/local_setup.dsv
[0.567s] -- Symlinking: /home/zuhurouf/ros2_ws/tool_tracker/install/open_manipulator/share/open_manipulator/package.dsv
[0.572s] -- Symlinking: /home/zuhurouf/ros2_ws/tool_tracker/install/open_manipulator/share/ament_index/resource_index/packages/open_manipulator
[0.578s] -- Symlinking: /home/zuhurouf/ros2_ws/tool_tracker/install/open_manipulator/share/open_manipulator/cmake/open_manipulatorConfig.cmake
[0.583s] -- Symlinking: /home/zuhurouf/ros2_ws/tool_tracker/install/open_manipulator/share/open_manipulator/cmake/open_manipulatorConfig-version.cmake
[0.589s] -- Symlinking: /home/zuhurouf/ros2_ws/tool_tracker/install/open_manipulator/share/open_manipulator/package.xml
[0.598s] Invoked command in '/home/zuhurouf/ros2_ws/tool_tracker/build/open_manipulator' returned '0': CMAKE_PREFIX_PATH=/home/zuhurouf/ros2_ws/tool_tracker/install/open_manipulator_x_teleop:/home/zuhurouf/ros2_ws/tool_tracker/install/open_manipulator_x_moveit_config:/home/zuhurouf/ros2_ws/tool_tracker/install/open_manipulator_x_bringup:/home/zuhurouf/ros2_ws/tool_tracker/install/open_manipulator_x_playground:/home/zuhurouf/ros2_ws/tool_tracker/install/open_manipulator_x_gui:/home/zuhurouf/ros2_ws/tool_tracker/install/open_manipulator_x_description:/home/zuhurouf/ros2_ws/tool_tracker/install/zed_description:/home/zuhurouf/ros2_ws/tool_tracker/install/open_manipulator:/home/zuhurouf/ros2_ws/tool_tracker/install/tool_tracker:/opt/ros/humble /usr/bin/cmake --install /home/zuhurouf/ros2_ws/tool_tracker/build/open_manipulator
