[0.008s] Invoking command in '/home/zuhurouf/ros2_ws/tool_tracker/build/open_manipulator_x_teleop': CMAKE_PREFIX_PATH=/home/zuhurouf/ros2_ws/tool_tracker/install/open_manipulator_x_moveit_config:/home/zuhurouf/ros2_ws/tool_tracker/install/open_manipulator_x_bringup:/home/zuhurouf/ros2_ws/tool_tracker/install/open_manipulator_x_description:/home/zuhurouf/ros2_ws/tool_tracker/install/zed_description:/home/zuhurouf/ros2_ws/tool_tracker/install/open_manipulator:/home/zuhurouf/ros2_ws/tool_tracker/install/open_manipulator_x_teleop:/home/zuhurouf/ros2_ws/tool_tracker/install/open_manipulator_x_playground:/home/zuhurouf/ros2_ws/tool_tracker/install/open_manipulator_x_gui:/home/zuhurouf/ros2_ws/tool_tracker/install/tool_tracker:/opt/ros/humble /usr/bin/cmake /home/zuhurouf/ros2_ws/tool_tracker/src/external/open_manipulator/open_manipulator_x_teleop -DAMENT_CMAKE_SYMLINK_INSTALL=1 -DCMAKE_INSTALL_PREFIX=/home/zuhurouf/ros2_ws/tool_tracker/install/open_manipulator_x_teleop
[0.060s] -- The C compiler identification is GNU 11.4.0
[0.142s] -- The CXX compiler identification is GNU 11.4.0
[0.152s] -- Detecting C compiler ABI info
[0.262s] -- Detecting C compiler ABI info - done
[0.276s] -- Check for working C compiler: /usr/bin/cc - skipped
[0.276s] -- Detecting C compile features
[0.277s] -- Detecting C compile features - done
[0.282s] -- Detecting CXX compiler ABI info
[0.385s] -- Detecting CXX compiler ABI info - done
[0.398s] -- Check for working CXX compiler: /usr/bin/c++ - skipped
[0.398s] -- Detecting CXX compile features
[0.399s] -- Detecting CXX compile features - done
[0.404s] -- Found ament_cmake: 1.3.14 (/opt/ros/humble/share/ament_cmake/cmake)
[0.585s] -- Found Python3: /usr/bin/python3 (found version "3.10.12") found components: Interpreter 
[0.685s] -- Override CMake install command with custom implementation using symlinks instead of copying resources
[0.735s] -- Found rclcpp: 16.0.21 (/opt/ros/humble/share/rclcpp/cmake)
[0.807s] -- Found rosidl_generator_c: 3.1.9 (/opt/ros/humble/share/rosidl_generator_c/cmake)
[0.816s] -- Found rosidl_adapter: 3.1.9 (/opt/ros/humble/share/rosidl_adapter/cmake)
[0.830s] -- Found rosidl_generator_cpp: 3.1.9 (/opt/ros/humble/share/rosidl_generator_cpp/cmake)
[0.850s] -- Using all available rosidl_typesupport_c: rosidl_typesupport_fastrtps_c;rosidl_typesupport_introspection_c
[0.878s] -- Using all available rosidl_typesupport_cpp: rosidl_typesupport_fastrtps_cpp;rosidl_typesupport_introspection_cpp
[0.950s] -- Found rmw_implementation_cmake: 6.1.4 (/opt/ros/humble/share/rmw_implementation_cmake/cmake)
[0.955s] -- Found rmw_fastrtps_cpp: 6.2.10 (/opt/ros/humble/share/rmw_fastrtps_cpp/cmake)
[1.091s] -- Found OpenSSL: /usr/lib/x86_64-linux-gnu/libcrypto.so (found version "3.0.2")  
[1.140s] -- Found FastRTPS: /opt/ros/humble/include  
[1.206s] -- Using RMW implementation 'rmw_fastrtps_cpp' as default
[1.220s] -- Looking for pthread.h
[1.294s] -- Looking for pthread.h - found
[1.295s] -- Performing Test CMAKE_HAVE_LIBC_PTHREAD
[1.390s] -- Performing Test CMAKE_HAVE_LIBC_PTHREAD - Success
[1.391s] -- Found Threads: TRUE  
[1.457s] -- Found open_manipulator_x_bringup: 3.0.4 (/home/zuhurouf/ros2_ws/tool_tracker/install/open_manipulator_x_bringup/share/open_manipulator_x_bringup/cmake)
[1.458s] -- Found open_manipulator_x_moveit_config: 3.0.4 (/home/zuhurouf/ros2_ws/tool_tracker/install/open_manipulator_x_moveit_config/share/open_manipulator_x_moveit_config/cmake)
[1.458s] -- Found open_manipulator_x_description: 3.0.4 (/home/zuhurouf/ros2_ws/tool_tracker/install/open_manipulator_x_description/share/open_manipulator_x_description/cmake)
[1.460s] -- Found geometry_msgs: 4.9.2 (/opt/ros/humble/share/geometry_msgs/cmake)
[1.479s] -- Found nav_msgs: 4.9.2 (/opt/ros/humble/share/nav_msgs/cmake)
[1.494s] -- Found control_msgs: 4.9.0 (/opt/ros/humble/share/control_msgs/cmake)
[1.593s] -- Found std_srvs: 4.9.2 (/opt/ros/humble/share/std_srvs/cmake)
[1.604s] -- Found rclcpp_action: 16.0.21 (/opt/ros/humble/share/rclcpp_action/cmake)
[1.724s] -- Configuring done
[1.735s] -- Generating done
[1.742s] -- Build files have been written to: /home/zuhurouf/ros2_ws/tool_tracker/build/open_manipulator_x_teleop
[1.752s] Invoked command in '/home/zuhurouf/ros2_ws/tool_tracker/build/open_manipulator_x_teleop' returned '0': CMAKE_PREFIX_PATH=/home/zuhurouf/ros2_ws/tool_tracker/install/open_manipulator_x_moveit_config:/home/zuhurouf/ros2_ws/tool_tracker/install/open_manipulator_x_bringup:/home/zuhurouf/ros2_ws/tool_tracker/install/open_manipulator_x_description:/home/zuhurouf/ros2_ws/tool_tracker/install/zed_description:/home/zuhurouf/ros2_ws/tool_tracker/install/open_manipulator:/home/zuhurouf/ros2_ws/tool_tracker/install/open_manipulator_x_teleop:/home/zuhurouf/ros2_ws/tool_tracker/install/open_manipulator_x_playground:/home/zuhurouf/ros2_ws/tool_tracker/install/open_manipulator_x_gui:/home/zuhurouf/ros2_ws/tool_tracker/install/tool_tracker:/opt/ros/humble /usr/bin/cmake /home/zuhurouf/ros2_ws/tool_tracker/src/external/open_manipulator/open_manipulator_x_teleop -DAMENT_CMAKE_SYMLINK_INSTALL=1 -DCMAKE_INSTALL_PREFIX=/home/zuhurouf/ros2_ws/tool_tracker/install/open_manipulator_x_teleop
[1.754s] Invoking command in '/home/zuhurouf/ros2_ws/tool_tracker/build/open_manipulator_x_teleop': CMAKE_PREFIX_PATH=/home/zuhurouf/ros2_ws/tool_tracker/install/open_manipulator_x_moveit_config:/home/zuhurouf/ros2_ws/tool_tracker/install/open_manipulator_x_bringup:/home/zuhurouf/ros2_ws/tool_tracker/install/open_manipulator_x_description:/home/zuhurouf/ros2_ws/tool_tracker/install/zed_description:/home/zuhurouf/ros2_ws/tool_tracker/install/open_manipulator:/home/zuhurouf/ros2_ws/tool_tracker/install/open_manipulator_x_teleop:/home/zuhurouf/ros2_ws/tool_tracker/install/open_manipulator_x_playground:/home/zuhurouf/ros2_ws/tool_tracker/install/open_manipulator_x_gui:/home/zuhurouf/ros2_ws/tool_tracker/install/tool_tracker:/opt/ros/humble /usr/bin/cmake --build /home/zuhurouf/ros2_ws/tool_tracker/build/open_manipulator_x_teleop -- -j12 -l12
[1.808s] [ 50%] [32mBuilding CXX object CMakeFiles/open_manipulator_x_teleop.dir/src/open_manipulator_x_teleop.cpp.o[0m
[8.087s] [100%] [32m[1mLinking CXX executable open_manipulator_x_teleop[0m
[8.364s] [100%] Built target open_manipulator_x_teleop
[8.374s] Invoked command in '/home/zuhurouf/ros2_ws/tool_tracker/build/open_manipulator_x_teleop' returned '0': CMAKE_PREFIX_PATH=/home/zuhurouf/ros2_ws/tool_tracker/install/open_manipulator_x_moveit_config:/home/zuhurouf/ros2_ws/tool_tracker/install/open_manipulator_x_bringup:/home/zuhurouf/ros2_ws/tool_tracker/install/open_manipulator_x_description:/home/zuhurouf/ros2_ws/tool_tracker/install/zed_description:/home/zuhurouf/ros2_ws/tool_tracker/install/open_manipulator:/home/zuhurouf/ros2_ws/tool_tracker/install/open_manipulator_x_teleop:/home/zuhurouf/ros2_ws/tool_tracker/install/open_manipulator_x_playground:/home/zuhurouf/ros2_ws/tool_tracker/install/open_manipulator_x_gui:/home/zuhurouf/ros2_ws/tool_tracker/install/tool_tracker:/opt/ros/humble /usr/bin/cmake --build /home/zuhurouf/ros2_ws/tool_tracker/build/open_manipulator_x_teleop -- -j12 -l12
[8.375s] Invoking command in '/home/zuhurouf/ros2_ws/tool_tracker/build/open_manipulator_x_teleop': CMAKE_PREFIX_PATH=/home/zuhurouf/ros2_ws/tool_tracker/install/open_manipulator_x_moveit_config:/home/zuhurouf/ros2_ws/tool_tracker/install/open_manipulator_x_bringup:/home/zuhurouf/ros2_ws/tool_tracker/install/open_manipulator_x_description:/home/zuhurouf/ros2_ws/tool_tracker/install/zed_description:/home/zuhurouf/ros2_ws/tool_tracker/install/open_manipulator:/home/zuhurouf/ros2_ws/tool_tracker/install/open_manipulator_x_teleop:/home/zuhurouf/ros2_ws/tool_tracker/install/open_manipulator_x_playground:/home/zuhurouf/ros2_ws/tool_tracker/install/open_manipulator_x_gui:/home/zuhurouf/ros2_ws/tool_tracker/install/tool_tracker:/opt/ros/humble /usr/bin/cmake --install /home/zuhurouf/ros2_ws/tool_tracker/build/open_manipulator_x_teleop
[8.382s] -- Install configuration: ""
[8.382s] -- Execute custom install script
[8.382s] -- Symlinking: /home/zuhurouf/ros2_ws/tool_tracker/install/open_manipulator_x_teleop/lib/open_manipulator_x_teleop/open_manipulator_x_teleop
[8.390s] -- Symlinking: /home/zuhurouf/ros2_ws/tool_tracker/install/open_manipulator_x_teleop/share/ament_index/resource_index/package_run_dependencies/open_manipulator_x_teleop
[8.397s] -- Symlinking: /home/zuhurouf/ros2_ws/tool_tracker/install/open_manipulator_x_teleop/share/ament_index/resource_index/parent_prefix_path/open_manipulator_x_teleop
[8.405s] -- Symlinking: /home/zuhurouf/ros2_ws/tool_tracker/install/open_manipulator_x_teleop/share/open_manipulator_x_teleop/environment/ament_prefix_path.sh
[8.413s] -- Symlinking: /home/zuhurouf/ros2_ws/tool_tracker/install/open_manipulator_x_teleop/share/open_manipulator_x_teleop/environment/ament_prefix_path.dsv
[8.420s] -- Symlinking: /home/zuhurouf/ros2_ws/tool_tracker/install/open_manipulator_x_teleop/share/open_manipulator_x_teleop/environment/path.sh
[8.427s] -- Symlinking: /home/zuhurouf/ros2_ws/tool_tracker/install/open_manipulator_x_teleop/share/open_manipulator_x_teleop/environment/path.dsv
[8.435s] -- Symlinking: /home/zuhurouf/ros2_ws/tool_tracker/install/open_manipulator_x_teleop/share/open_manipulator_x_teleop/local_setup.bash
[8.442s] -- Symlinking: /home/zuhurouf/ros2_ws/tool_tracker/install/open_manipulator_x_teleop/share/open_manipulator_x_teleop/local_setup.sh
[8.450s] -- Symlinking: /home/zuhurouf/ros2_ws/tool_tracker/install/open_manipulator_x_teleop/share/open_manipulator_x_teleop/local_setup.zsh
[8.457s] -- Symlinking: /home/zuhurouf/ros2_ws/tool_tracker/install/open_manipulator_x_teleop/share/open_manipulator_x_teleop/local_setup.dsv
[8.465s] -- Symlinking: /home/zuhurouf/ros2_ws/tool_tracker/install/open_manipulator_x_teleop/share/open_manipulator_x_teleop/package.dsv
[8.472s] -- Symlinking: /home/zuhurouf/ros2_ws/tool_tracker/install/open_manipulator_x_teleop/share/ament_index/resource_index/packages/open_manipulator_x_teleop
[8.480s] -- Symlinking: /home/zuhurouf/ros2_ws/tool_tracker/install/open_manipulator_x_teleop/share/open_manipulator_x_teleop/cmake/open_manipulator_x_teleopConfig.cmake
[8.491s] -- Symlinking: /home/zuhurouf/ros2_ws/tool_tracker/install/open_manipulator_x_teleop/share/open_manipulator_x_teleop/cmake/open_manipulator_x_teleopConfig-version.cmake
[8.498s] -- Symlinking: /home/zuhurouf/ros2_ws/tool_tracker/install/open_manipulator_x_teleop/share/open_manipulator_x_teleop/package.xml
[8.508s] Invoked command in '/home/zuhurouf/ros2_ws/tool_tracker/build/open_manipulator_x_teleop' returned '0': CMAKE_PREFIX_PATH=/home/zuhurouf/ros2_ws/tool_tracker/install/open_manipulator_x_moveit_config:/home/zuhurouf/ros2_ws/tool_tracker/install/open_manipulator_x_bringup:/home/zuhurouf/ros2_ws/tool_tracker/install/open_manipulator_x_description:/home/zuhurouf/ros2_ws/tool_tracker/install/zed_description:/home/zuhurouf/ros2_ws/tool_tracker/install/open_manipulator:/home/zuhurouf/ros2_ws/tool_tracker/install/open_manipulator_x_teleop:/home/zuhurouf/ros2_ws/tool_tracker/install/open_manipulator_x_playground:/home/zuhurouf/ros2_ws/tool_tracker/install/open_manipulator_x_gui:/home/zuhurouf/ros2_ws/tool_tracker/install/tool_tracker:/opt/ros/humble /usr/bin/cmake --install /home/zuhurouf/ros2_ws/tool_tracker/build/open_manipulator_x_teleop
