running develop
running egg_info
creating tool_tracker.egg-info
writing tool_tracker.egg-info/PKG-INFO
writing dependency_links to tool_tracker.egg-info/dependency_links.txt
writing entry points to tool_tracker.egg-info/entry_points.txt
writing requirements to tool_tracker.egg-info/requires.txt
writing top-level names to tool_tracker.egg-info/top_level.txt
writing manifest file 'tool_tracker.egg-info/SOURCES.txt'
reading manifest file 'tool_tracker.egg-info/SOURCES.txt'
writing manifest file 'tool_tracker.egg-info/SOURCES.txt'
running build_ext
Creating /home/zuhurouf/ros2_ws/tool_tracker/install/tool_tracker/lib/python3.10/site-packages/tool-tracker.egg-link (link to .)

Installed /home/zuhurouf/ros2_ws/tool_tracker/build/tool_tracker
running symlink_data
creating /home/zuhurouf/ros2_ws/tool_tracker/install/tool_tracker/share/ament_index
creating /home/zuhurouf/ros2_ws/tool_tracker/install/tool_tracker/share/ament_index/resource_index
creating /home/zuhurouf/ros2_ws/tool_tracker/install/tool_tracker/share/ament_index/resource_index/packages
symbolically linking /home/zuhurouf/ros2_ws/tool_tracker/build/tool_tracker/resource/tool_tracker -> /home/zuhurouf/ros2_ws/tool_tracker/install/tool_tracker/share/ament_index/resource_index/packages
symbolically linking /home/zuhurouf/ros2_ws/tool_tracker/build/tool_tracker/package.xml -> /home/zuhurouf/ros2_ws/tool_tracker/install/tool_tracker/share/tool_tracker
creating /home/zuhurouf/ros2_ws/tool_tracker/install/tool_tracker/share/tool_tracker/launch
symbolically linking /home/zuhurouf/ros2_ws/tool_tracker/build/tool_tracker/launch/rviz.launch.py -> /home/zuhurouf/ros2_ws/tool_tracker/install/tool_tracker/share/tool_tracker/launch
