[0.726s] Invoking command in '/home/zuhurouf/ros2_ws/tool_tracker/build/tool_tracker': PYTHONPATH=/home/zuhurouf/ros2_ws/tool_tracker/build/tool_tracker/prefix_override:/usr/lib/python3/dist-packages/colcon_core/task/python/colcon_distutils_commands:/home/zuhurouf/ros2_ws/tool_tracker/install/tool_tracker/lib/python3.10/site-packages:${PYTHONPATH} /usr/bin/python3 -W ignore:setup.py install is deprecated -W ignore:easy_install command is deprecated setup.py develop --editable --build-directory /home/zuhurouf/ros2_ws/tool_tracker/build/tool_tracker/build --no-deps symlink_data
[0.941s] running develop
[1.105s] running egg_info
[1.105s] creating tool_tracker.egg-info
[1.106s] writing tool_tracker.egg-info/PKG-INFO
[1.106s] writing dependency_links to tool_tracker.egg-info/dependency_links.txt
[1.106s] writing entry points to tool_tracker.egg-info/entry_points.txt
[1.106s] writing requirements to tool_tracker.egg-info/requires.txt
[1.106s] writing top-level names to tool_tracker.egg-info/top_level.txt
[1.106s] writing manifest file 'tool_tracker.egg-info/SOURCES.txt'
[1.107s] reading manifest file 'tool_tracker.egg-info/SOURCES.txt'
[1.108s] writing manifest file 'tool_tracker.egg-info/SOURCES.txt'
[1.109s] running build_ext
[1.109s] Creating /home/zuhurouf/ros2_ws/tool_tracker/install/tool_tracker/lib/python3.10/site-packages/tool-tracker.egg-link (link to .)
[1.109s] 
[1.109s] Installed /home/zuhurouf/ros2_ws/tool_tracker/build/tool_tracker
[1.110s] running symlink_data
[1.110s] creating /home/zuhurouf/ros2_ws/tool_tracker/install/tool_tracker/share/ament_index
[1.110s] creating /home/zuhurouf/ros2_ws/tool_tracker/install/tool_tracker/share/ament_index/resource_index
[1.110s] creating /home/zuhurouf/ros2_ws/tool_tracker/install/tool_tracker/share/ament_index/resource_index/packages
[1.110s] symbolically linking /home/zuhurouf/ros2_ws/tool_tracker/build/tool_tracker/resource/tool_tracker -> /home/zuhurouf/ros2_ws/tool_tracker/install/tool_tracker/share/ament_index/resource_index/packages
[1.110s] symbolically linking /home/zuhurouf/ros2_ws/tool_tracker/build/tool_tracker/package.xml -> /home/zuhurouf/ros2_ws/tool_tracker/install/tool_tracker/share/tool_tracker
[1.110s] creating /home/zuhurouf/ros2_ws/tool_tracker/install/tool_tracker/share/tool_tracker/launch
[1.110s] symbolically linking /home/zuhurouf/ros2_ws/tool_tracker/build/tool_tracker/launch/rviz.launch.py -> /home/zuhurouf/ros2_ws/tool_tracker/install/tool_tracker/share/tool_tracker/launch
[1.134s] Invoked command in '/home/zuhurouf/ros2_ws/tool_tracker/build/tool_tracker' returned '0': PYTHONPATH=/home/zuhurouf/ros2_ws/tool_tracker/build/tool_tracker/prefix_override:/usr/lib/python3/dist-packages/colcon_core/task/python/colcon_distutils_commands:/home/zuhurouf/ros2_ws/tool_tracker/install/tool_tracker/lib/python3.10/site-packages:${PYTHONPATH} /usr/bin/python3 -W ignore:setup.py install is deprecated -W ignore:easy_install command is deprecated setup.py develop --editable --build-directory /home/zuhurouf/ros2_ws/tool_tracker/build/tool_tracker/build --no-deps symlink_data
