-- Install configuration: ""
-- Execute custom install script
-- Up-to-date symlink: /home/zuhurouf/ros2_ws/tool_tracker/install/zed_description/share/zed_description/urdf/zed_descr.urdf.xacro
-- Up-to-date symlink: /home/zuhurouf/ros2_ws/tool_tracker/install/zed_description/share/zed_description/urdf/zed_macro.urdf.xacro
-- Up-to-date symlink: /home/zuhurouf/ros2_ws/tool_tracker/install/zed_description/share/zed_description/meshes/virtual.stl
-- Up-to-date symlink: /home/zuhurouf/ros2_ws/tool_tracker/install/zed_description/share/zed_description/meshes/zed.stl
-- Up-to-date symlink: /home/zuhurouf/ros2_ws/tool_tracker/install/zed_description/share/zed_description/meshes/zed2.stl
-- Up-to-date symlink: /home/zuhurouf/ros2_ws/tool_tracker/install/zed_description/share/zed_description/meshes/zed2i.stl
-- Up-to-date symlink: /home/zuhurouf/ros2_ws/tool_tracker/install/zed_description/share/zed_description/meshes/zedm.stl
-- Up-to-date symlink: /home/zuhurouf/ros2_ws/tool_tracker/install/zed_description/share/zed_description/meshes/zedx.stl
-- Up-to-date symlink: /home/zuhurouf/ros2_ws/tool_tracker/install/zed_description/share/zed_description/meshes/zedxhdr.stl
-- Up-to-date symlink: /home/zuhurouf/ros2_ws/tool_tracker/install/zed_description/share/zed_description/meshes/zedxhdrmax.stl
-- Up-to-date symlink: /home/zuhurouf/ros2_ws/tool_tracker/install/zed_description/share/zed_description/meshes/zedxhdrmini.stl
-- Up-to-date symlink: /home/zuhurouf/ros2_ws/tool_tracker/install/zed_description/share/zed_description/meshes/zedxm.stl
-- Up-to-date symlink: /home/zuhurouf/ros2_ws/tool_tracker/install/zed_description/share/zed_description/meshes/zedxnano.stl
-- Up-to-date symlink: /home/zuhurouf/ros2_ws/tool_tracker/install/zed_description/share/zed_description/meshes/zedxone4k.stl
-- Up-to-date symlink: /home/zuhurouf/ros2_ws/tool_tracker/install/zed_description/share/zed_description/meshes/zedxonegs.stl
-- Up-to-date symlink: /home/zuhurouf/ros2_ws/tool_tracker/install/zed_description/share/zed_description/meshes/zedxonehdr.stl
-- Up-to-date symlink: /home/zuhurouf/ros2_ws/tool_tracker/install/zed_description/share/zed_description/meshes/zedxones.stl
-- Up-to-date symlink: /home/zuhurouf/ros2_ws/tool_tracker/install/zed_description/share/zed_description/rviz2/zed_description.rviz
-- Up-to-date symlink: /home/zuhurouf/ros2_ws/tool_tracker/install/zed_description/share/zed_description/launch/zed_viz.launch.py
-- Up-to-date symlink: /home/zuhurouf/ros2_ws/tool_tracker/install/zed_description/share/ament_index/resource_index/package_run_dependencies/zed_description
-- Up-to-date symlink: /home/zuhurouf/ros2_ws/tool_tracker/install/zed_description/share/ament_index/resource_index/parent_prefix_path/zed_description
-- Up-to-date symlink: /home/zuhurouf/ros2_ws/tool_tracker/install/zed_description/share/zed_description/environment/ament_prefix_path.sh
-- Up-to-date symlink: /home/zuhurouf/ros2_ws/tool_tracker/install/zed_description/share/zed_description/environment/ament_prefix_path.dsv
-- Up-to-date symlink: /home/zuhurouf/ros2_ws/tool_tracker/install/zed_description/share/zed_description/environment/path.sh
-- Up-to-date symlink: /home/zuhurouf/ros2_ws/tool_tracker/install/zed_description/share/zed_description/environment/path.dsv
-- Up-to-date symlink: /home/zuhurouf/ros2_ws/tool_tracker/install/zed_description/share/zed_description/local_setup.bash
-- Up-to-date symlink: /home/zuhurouf/ros2_ws/tool_tracker/install/zed_description/share/zed_description/local_setup.sh
-- Up-to-date symlink: /home/zuhurouf/ros2_ws/tool_tracker/install/zed_description/share/zed_description/local_setup.zsh
-- Up-to-date symlink: /home/zuhurouf/ros2_ws/tool_tracker/install/zed_description/share/zed_description/local_setup.dsv
-- Symlinking: /home/zuhurouf/ros2_ws/tool_tracker/install/zed_description/share/zed_description/package.dsv
-- Up-to-date symlink: /home/zuhurouf/ros2_ws/tool_tracker/install/zed_description/share/ament_index/resource_index/packages/zed_description
-- Up-to-date symlink: /home/zuhurouf/ros2_ws/tool_tracker/install/zed_description/share/zed_description/cmake/zed_descriptionConfig.cmake
-- Up-to-date symlink: /home/zuhurouf/ros2_ws/tool_tracker/install/zed_description/share/zed_description/cmake/zed_descriptionConfig-version.cmake
-- Up-to-date symlink: /home/zuhurouf/ros2_ws/tool_tracker/install/zed_description/share/zed_description/package.xml
