[0.240s] Invoking command in '/home/zuhurouf/ros2_ws/tool_tracker/build/zed_description': CMAKE_PREFIX_PATH=${CMAKE_PREFIX_PATH}:/home/zuhurouf/ros2_ws/tool_tracker/install/tool_tracker:/opt/ros/humble /usr/bin/cmake --build /home/zuhurouf/ros2_ws/tool_tracker/build/zed_description -- -j12 -l12
[0.302s] Invoked command in '/home/zuhurouf/ros2_ws/tool_tracker/build/zed_description' returned '0': CMAKE_PREFIX_PATH=${CMAKE_PREFIX_PATH}:/home/zuhurouf/ros2_ws/tool_tracker/install/tool_tracker:/opt/ros/humble /usr/bin/cmake --build /home/zuhurouf/ros2_ws/tool_tracker/build/zed_description -- -j12 -l12
[0.303s] Invoking command in '/home/zuhurouf/ros2_ws/tool_tracker/build/zed_description': CMAKE_PREFIX_PATH=${CMAKE_PREFIX_PATH}:/home/zuhurouf/ros2_ws/tool_tracker/install/tool_tracker:/opt/ros/humble /usr/bin/cmake --install /home/zuhurouf/ros2_ws/tool_tracker/build/zed_description
[0.309s] -- Install configuration: ""
[0.310s] -- Execute custom install script
[0.310s] -- Up-to-date symlink: /home/zuhurouf/ros2_ws/tool_tracker/install/zed_description/share/zed_description/urdf/zed_descr.urdf.xacro
[0.310s] -- Up-to-date symlink: /home/zuhurouf/ros2_ws/tool_tracker/install/zed_description/share/zed_description/urdf/zed_macro.urdf.xacro
[0.310s] -- Up-to-date symlink: /home/zuhurouf/ros2_ws/tool_tracker/install/zed_description/share/zed_description/meshes/virtual.stl
[0.310s] -- Up-to-date symlink: /home/zuhurouf/ros2_ws/tool_tracker/install/zed_description/share/zed_description/meshes/zed.stl
[0.310s] -- Up-to-date symlink: /home/zuhurouf/ros2_ws/tool_tracker/install/zed_description/share/zed_description/meshes/zed2.stl
[0.311s] -- Up-to-date symlink: /home/zuhurouf/ros2_ws/tool_tracker/install/zed_description/share/zed_description/meshes/zed2i.stl
[0.311s] -- Up-to-date symlink: /home/zuhurouf/ros2_ws/tool_tracker/install/zed_description/share/zed_description/meshes/zedm.stl
[0.311s] -- Up-to-date symlink: /home/zuhurouf/ros2_ws/tool_tracker/install/zed_description/share/zed_description/meshes/zedx.stl
[0.311s] -- Up-to-date symlink: /home/zuhurouf/ros2_ws/tool_tracker/install/zed_description/share/zed_description/meshes/zedxhdr.stl
[0.311s] -- Up-to-date symlink: /home/zuhurouf/ros2_ws/tool_tracker/install/zed_description/share/zed_description/meshes/zedxhdrmax.stl
[0.311s] -- Up-to-date symlink: /home/zuhurouf/ros2_ws/tool_tracker/install/zed_description/share/zed_description/meshes/zedxhdrmini.stl
[0.311s] -- Up-to-date symlink: /home/zuhurouf/ros2_ws/tool_tracker/install/zed_description/share/zed_description/meshes/zedxm.stl
[0.311s] -- Up-to-date symlink: /home/zuhurouf/ros2_ws/tool_tracker/install/zed_description/share/zed_description/meshes/zedxnano.stl
[0.311s] -- Up-to-date symlink: /home/zuhurouf/ros2_ws/tool_tracker/install/zed_description/share/zed_description/meshes/zedxone4k.stl
[0.311s] -- Up-to-date symlink: /home/zuhurouf/ros2_ws/tool_tracker/install/zed_description/share/zed_description/meshes/zedxonegs.stl
[0.311s] -- Up-to-date symlink: /home/zuhurouf/ros2_ws/tool_tracker/install/zed_description/share/zed_description/meshes/zedxonehdr.stl
[0.311s] -- Up-to-date symlink: /home/zuhurouf/ros2_ws/tool_tracker/install/zed_description/share/zed_description/meshes/zedxones.stl
[0.311s] -- Up-to-date symlink: /home/zuhurouf/ros2_ws/tool_tracker/install/zed_description/share/zed_description/rviz2/zed_description.rviz
[0.312s] -- Up-to-date symlink: /home/zuhurouf/ros2_ws/tool_tracker/install/zed_description/share/zed_description/launch/zed_viz.launch.py
[0.312s] -- Up-to-date symlink: /home/zuhurouf/ros2_ws/tool_tracker/install/zed_description/share/ament_index/resource_index/package_run_dependencies/zed_description
[0.312s] -- Up-to-date symlink: /home/zuhurouf/ros2_ws/tool_tracker/install/zed_description/share/ament_index/resource_index/parent_prefix_path/zed_description
[0.312s] -- Up-to-date symlink: /home/zuhurouf/ros2_ws/tool_tracker/install/zed_description/share/zed_description/environment/ament_prefix_path.sh
[0.312s] -- Up-to-date symlink: /home/zuhurouf/ros2_ws/tool_tracker/install/zed_description/share/zed_description/environment/ament_prefix_path.dsv
[0.312s] -- Up-to-date symlink: /home/zuhurouf/ros2_ws/tool_tracker/install/zed_description/share/zed_description/environment/path.sh
[0.312s] -- Up-to-date symlink: /home/zuhurouf/ros2_ws/tool_tracker/install/zed_description/share/zed_description/environment/path.dsv
[0.313s] -- Up-to-date symlink: /home/zuhurouf/ros2_ws/tool_tracker/install/zed_description/share/zed_description/local_setup.bash
[0.313s] -- Up-to-date symlink: /home/zuhurouf/ros2_ws/tool_tracker/install/zed_description/share/zed_description/local_setup.sh
[0.313s] -- Up-to-date symlink: /home/zuhurouf/ros2_ws/tool_tracker/install/zed_description/share/zed_description/local_setup.zsh
[0.313s] -- Up-to-date symlink: /home/zuhurouf/ros2_ws/tool_tracker/install/zed_description/share/zed_description/local_setup.dsv
[0.313s] -- Symlinking: /home/zuhurouf/ros2_ws/tool_tracker/install/zed_description/share/zed_description/package.dsv
[0.319s] -- Up-to-date symlink: /home/zuhurouf/ros2_ws/tool_tracker/install/zed_description/share/ament_index/resource_index/packages/zed_description
[0.319s] -- Up-to-date symlink: /home/zuhurouf/ros2_ws/tool_tracker/install/zed_description/share/zed_description/cmake/zed_descriptionConfig.cmake
[0.319s] -- Up-to-date symlink: /home/zuhurouf/ros2_ws/tool_tracker/install/zed_description/share/zed_description/cmake/zed_descriptionConfig-version.cmake
[0.319s] -- Up-to-date symlink: /home/zuhurouf/ros2_ws/tool_tracker/install/zed_description/share/zed_description/package.xml
[0.321s] Invoked command in '/home/zuhurouf/ros2_ws/tool_tracker/build/zed_description' returned '0': CMAKE_PREFIX_PATH=${CMAKE_PREFIX_PATH}:/home/zuhurouf/ros2_ws/tool_tracker/install/tool_tracker:/opt/ros/humble /usr/bin/cmake --install /home/zuhurouf/ros2_ws/tool_tracker/build/zed_description
