[0.071s] DEBUG:colcon:Command line arguments: ['/usr/bin/colcon', 'build', '--packages-select', 'tool_tracker', '--symlink-install']
[0.071s] DEBUG:colcon:Parsed command line arguments: Namespace(log_base=None, log_level=None, verb_name='build', build_base='build', install_base='install', merge_install=False, symlink_install=True, test_result_base=None, continue_on_error=False, executor='parallel', parallel_workers=12, event_handlers=None, ignore_user_meta=False, metas=['./colcon.meta'], base_paths=['.'], packages_ignore=None, packages_ignore_regex=None, paths=None, packages_up_to=None, packages_up_to_regex=None, packages_above=None, packages_above_and_dependencies=None, packages_above_depth=None, packages_select_by_dep=None, packages_skip_by_dep=None, packages_skip_up_to=None, packages_select_build_failed=False, packages_skip_build_finished=False, packages_select_test_failures=False, packages_skip_test_passed=False, packages_select=['tool_tracker'], packages_skip=None, packages_select_regex=None, packages_skip_regex=None, packages_start=None, packages_end=None, allow_overriding=[], cmake_args=None, cmake_target=None, cmake_target_skip_unavailable=False, cmake_clean_cache=False, cmake_clean_first=False, cmake_force_configure=False, ament_cmake_args=None, catkin_cmake_args=None, catkin_skip_building_tests=False, verb_parser=<colcon_defaults.argument_parser.defaults.DefaultArgumentsDecorator object at 0x7e0940bb8460>, verb_extension=<colcon_core.verb.build.BuildVerb object at 0x7e0940b83f10>, main=<bound method BuildVerb.main of <colcon_core.verb.build.BuildVerb object at 0x7e0940b83f10>>)
[0.223s] Level 1:colcon.colcon_core.package_discovery:discover_packages(colcon_meta) check parameters
[0.223s] Level 1:colcon.colcon_core.package_discovery:discover_packages(recursive) check parameters
[0.223s] Level 1:colcon.colcon_core.package_discovery:discover_packages(ignore) check parameters
[0.223s] Level 1:colcon.colcon_core.package_discovery:discover_packages(path) check parameters
[0.223s] Level 1:colcon.colcon_core.package_discovery:discover_packages(colcon_meta) discover
[0.223s] Level 1:colcon.colcon_core.package_discovery:discover_packages(recursive) discover
[0.224s] INFO:colcon.colcon_core.package_discovery:Crawling recursively for packages in '/home/zuhurouf/ros2_ws/tool_tracker'
[0.224s] Level 1:colcon.colcon_core.package_identification:_identify(.) by extensions ['ignore', 'ignore_ament_install']
[0.224s] Level 1:colcon.colcon_core.package_identification:_identify(.) by extension 'ignore'
[0.224s] Level 1:colcon.colcon_core.package_identification:_identify(.) by extension 'ignore_ament_install'
[0.224s] Level 1:colcon.colcon_core.package_identification:_identify(.) by extensions ['colcon_pkg']
[0.224s] Level 1:colcon.colcon_core.package_identification:_identify(.) by extension 'colcon_pkg'
[0.224s] Level 1:colcon.colcon_core.package_identification:_identify(.) by extensions ['colcon_meta']
[0.224s] Level 1:colcon.colcon_core.package_identification:_identify(.) by extension 'colcon_meta'
[0.224s] Level 1:colcon.colcon_core.package_identification:_identify(.) by extensions ['ros']
[0.224s] Level 1:colcon.colcon_core.package_identification:_identify(.) by extension 'ros'
[0.243s] Level 1:colcon.colcon_core.package_identification:_identify(.) by extensions ['cmake', 'python']
[0.243s] Level 1:colcon.colcon_core.package_identification:_identify(.) by extension 'cmake'
[0.243s] Level 1:colcon.colcon_core.package_identification:_identify(.) by extension 'python'
[0.243s] Level 1:colcon.colcon_core.package_identification:_identify(.) by extensions ['python_setup_py']
[0.243s] Level 1:colcon.colcon_core.package_identification:_identify(.) by extension 'python_setup_py'
[0.243s] Level 1:colcon.colcon_core.package_identification:_identify(build) by extensions ['ignore', 'ignore_ament_install']
[0.243s] Level 1:colcon.colcon_core.package_identification:_identify(build) by extension 'ignore'
[0.243s] Level 1:colcon.colcon_core.package_identification:_identify(build) ignored
[0.243s] Level 1:colcon.colcon_core.package_identification:_identify(install) by extensions ['ignore', 'ignore_ament_install']
[0.243s] Level 1:colcon.colcon_core.package_identification:_identify(install) by extension 'ignore'
[0.243s] Level 1:colcon.colcon_core.package_identification:_identify(install) ignored
[0.243s] Level 1:colcon.colcon_core.package_identification:_identify(log) by extensions ['ignore', 'ignore_ament_install']
[0.243s] Level 1:colcon.colcon_core.package_identification:_identify(log) by extension 'ignore'
[0.244s] Level 1:colcon.colcon_core.package_identification:_identify(log) ignored
[0.244s] Level 1:colcon.colcon_core.package_identification:_identify(src) by extensions ['ignore', 'ignore_ament_install']
[0.244s] Level 1:colcon.colcon_core.package_identification:_identify(src) by extension 'ignore'
[0.244s] Level 1:colcon.colcon_core.package_identification:_identify(src) by extension 'ignore_ament_install'
[0.244s] Level 1:colcon.colcon_core.package_identification:_identify(src) by extensions ['colcon_pkg']
[0.244s] Level 1:colcon.colcon_core.package_identification:_identify(src) by extension 'colcon_pkg'
[0.244s] Level 1:colcon.colcon_core.package_identification:_identify(src) by extensions ['colcon_meta']
[0.244s] Level 1:colcon.colcon_core.package_identification:_identify(src) by extension 'colcon_meta'
[0.244s] Level 1:colcon.colcon_core.package_identification:_identify(src) by extensions ['ros']
[0.244s] Level 1:colcon.colcon_core.package_identification:_identify(src) by extension 'ros'
[0.244s] Level 1:colcon.colcon_core.package_identification:_identify(src) by extensions ['cmake', 'python']
[0.244s] Level 1:colcon.colcon_core.package_identification:_identify(src) by extension 'cmake'
[0.244s] Level 1:colcon.colcon_core.package_identification:_identify(src) by extension 'python'
[0.244s] Level 1:colcon.colcon_core.package_identification:_identify(src) by extensions ['python_setup_py']
[0.244s] Level 1:colcon.colcon_core.package_identification:_identify(src) by extension 'python_setup_py'
[0.244s] Level 1:colcon.colcon_core.package_identification:_identify(src/tool_tracker) by extensions ['ignore', 'ignore_ament_install']
[0.244s] Level 1:colcon.colcon_core.package_identification:_identify(src/tool_tracker) by extension 'ignore'
[0.244s] Level 1:colcon.colcon_core.package_identification:_identify(src/tool_tracker) by extension 'ignore_ament_install'
[0.244s] Level 1:colcon.colcon_core.package_identification:_identify(src/tool_tracker) by extensions ['colcon_pkg']
[0.244s] Level 1:colcon.colcon_core.package_identification:_identify(src/tool_tracker) by extension 'colcon_pkg'
[0.244s] Level 1:colcon.colcon_core.package_identification:_identify(src/tool_tracker) by extensions ['colcon_meta']
[0.244s] Level 1:colcon.colcon_core.package_identification:_identify(src/tool_tracker) by extension 'colcon_meta'
[0.244s] Level 1:colcon.colcon_core.package_identification:_identify(src/tool_tracker) by extensions ['ros']
[0.244s] Level 1:colcon.colcon_core.package_identification:_identify(src/tool_tracker) by extension 'ros'
[0.246s] DEBUG:colcon.colcon_core.package_identification:Package 'src/tool_tracker' with type 'ros.ament_python' and name 'tool_tracker'
[0.246s] Level 1:colcon.colcon_core.package_discovery:discover_packages(recursive) using defaults
[0.246s] Level 1:colcon.colcon_core.package_discovery:discover_packages(ignore) discover
[0.246s] Level 1:colcon.colcon_core.package_discovery:discover_packages(ignore) using defaults
[0.246s] Level 1:colcon.colcon_core.package_discovery:discover_packages(path) discover
[0.246s] Level 1:colcon.colcon_core.package_discovery:discover_packages(path) using defaults
[0.260s] Level 1:colcon.colcon_core.package_discovery:discover_packages(prefix_path) check parameters
[0.260s] Level 1:colcon.colcon_core.package_discovery:discover_packages(prefix_path) discover
[0.260s] WARNING:colcon.colcon_ros.prefix_path.ament:The path '/home/zuhurouf/ros2_ws/tool_tracker/install/tool_tracker' in the environment variable AMENT_PREFIX_PATH doesn't exist
[0.261s] DEBUG:colcon.colcon_installed_package_information.package_discovery:Found 0 installed packages in /home/zuhurouf/ros2_ws/tool_tracker/install
[0.262s] DEBUG:colcon.colcon_installed_package_information.package_discovery:Found 460 installed packages in /opt/ros/humble
[0.264s] Level 1:colcon.colcon_core.package_discovery:discover_packages(prefix_path) using defaults
[0.299s] Level 5:colcon.colcon_core.verb:set package 'tool_tracker' build argument 'cmake_args' from command line to 'None'
[0.299s] Level 5:colcon.colcon_core.verb:set package 'tool_tracker' build argument 'cmake_target' from command line to 'None'
[0.299s] Level 5:colcon.colcon_core.verb:set package 'tool_tracker' build argument 'cmake_target_skip_unavailable' from command line to 'False'
[0.299s] Level 5:colcon.colcon_core.verb:set package 'tool_tracker' build argument 'cmake_clean_cache' from command line to 'False'
[0.299s] Level 5:colcon.colcon_core.verb:set package 'tool_tracker' build argument 'cmake_clean_first' from command line to 'False'
[0.299s] Level 5:colcon.colcon_core.verb:set package 'tool_tracker' build argument 'cmake_force_configure' from command line to 'False'
[0.299s] Level 5:colcon.colcon_core.verb:set package 'tool_tracker' build argument 'ament_cmake_args' from command line to 'None'
[0.299s] Level 5:colcon.colcon_core.verb:set package 'tool_tracker' build argument 'catkin_cmake_args' from command line to 'None'
[0.299s] Level 5:colcon.colcon_core.verb:set package 'tool_tracker' build argument 'catkin_skip_building_tests' from command line to 'False'
[0.299s] DEBUG:colcon.colcon_core.verb:Building package 'tool_tracker' with the following arguments: {'ament_cmake_args': None, 'build_base': '/home/zuhurouf/ros2_ws/tool_tracker/build/tool_tracker', 'catkin_cmake_args': None, 'catkin_skip_building_tests': False, 'cmake_args': None, 'cmake_clean_cache': False, 'cmake_clean_first': False, 'cmake_force_configure': False, 'cmake_target': None, 'cmake_target_skip_unavailable': False, 'install_base': '/home/zuhurouf/ros2_ws/tool_tracker/install/tool_tracker', 'merge_install': False, 'path': '/home/zuhurouf/ros2_ws/tool_tracker/src/tool_tracker', 'symlink_install': True, 'test_result_base': None}
[0.299s] INFO:colcon.colcon_core.executor:Executing jobs using 'parallel' executor
[0.300s] DEBUG:colcon.colcon_parallel_executor.executor.parallel:run_until_complete
[0.300s] INFO:colcon.colcon_ros.task.ament_python.build:Building ROS package in '/home/zuhurouf/ros2_ws/tool_tracker/src/tool_tracker' with build type 'ament_python'
[0.300s] Level 1:colcon.colcon_core.shell:create_environment_hook('tool_tracker', 'ament_prefix_path')
[0.302s] INFO:colcon.colcon_core.plugin_system:Skipping extension 'colcon_core.shell.bat': Not used on non-Windows systems
[0.302s] INFO:colcon.colcon_core.shell:Creating environment hook '/home/zuhurouf/ros2_ws/tool_tracker/install/tool_tracker/share/tool_tracker/hook/ament_prefix_path.ps1'
[0.302s] INFO:colcon.colcon_core.shell:Creating environment descriptor '/home/zuhurouf/ros2_ws/tool_tracker/install/tool_tracker/share/tool_tracker/hook/ament_prefix_path.dsv'
[0.302s] INFO:colcon.colcon_core.shell:Creating environment hook '/home/zuhurouf/ros2_ws/tool_tracker/install/tool_tracker/share/tool_tracker/hook/ament_prefix_path.sh'
[0.303s] INFO:colcon.colcon_core.shell:Skip shell extension 'powershell' for command environment: Not usable outside of PowerShell
[0.303s] DEBUG:colcon.colcon_core.shell:Skip shell extension 'dsv' for command environment
[0.506s] INFO:colcon.colcon_core.task.python.build:Building Python package in '/home/zuhurouf/ros2_ws/tool_tracker/src/tool_tracker'
[0.506s] INFO:colcon.colcon_core.shell:Skip shell extension 'powershell' for command environment: Not usable outside of PowerShell
[0.506s] DEBUG:colcon.colcon_core.shell:Skip shell extension 'dsv' for command environment
[0.789s] DEBUG:colcon.colcon_core.task.python.build:Available setuptools commands: install_lib, sdist, upload_docs, saveopts, register, test, install, nosetests, build, setopt, check, update_catalog, egg_info, install_headers, develop, build_clib, install_scripts, alias, build_ext, install_egg_info, bdist_dumb, compile_catalog, clean, dist_info, rotate, build_scripts, upload, bdist_wheel, bdist_egg, bdist_rpm, bdist, init_catalog, build_py, easy_install, symlink_data, extract_messages, install_data
[1.025s] DEBUG:colcon.colcon_core.task.python.build:Available setuptools 'develop' options: --force-installation-into-system-dir, --quiet, --find-links, --optimize, --egg-path, --build-directory, --uninstall, --always-copy, --record, --install-layout, --exclude-scripts, --no-deps, --editable, --site-dirs, --zip-ok, --verbose, --install-dir, --allow-hosts, --version, --local-snapshots-ok, --user, --always-unzip, --script-dir, --prefix, --multi-version, --upgrade, --help, --no-find-links, --index-url, --no-user-cfg, --dry-run
[1.027s] DEBUG:colcon.colcon_core.event_handler.log_command:Invoking command in '/home/zuhurouf/ros2_ws/tool_tracker/build/tool_tracker': PYTHONPATH=/home/zuhurouf/ros2_ws/tool_tracker/build/tool_tracker/prefix_override:/usr/lib/python3/dist-packages/colcon_core/task/python/colcon_distutils_commands:/home/zuhurouf/ros2_ws/tool_tracker/install/tool_tracker/lib/python3.10/site-packages:${PYTHONPATH} /usr/bin/python3 -W ignore:setup.py install is deprecated -W ignore:easy_install command is deprecated setup.py develop --editable --build-directory /home/zuhurouf/ros2_ws/tool_tracker/build/tool_tracker/build --no-deps symlink_data
[1.434s] Level 1:colcon.colcon_core.shell:create_environment_hook('tool_tracker', 'pythonpath_develop')
[1.435s] INFO:colcon.colcon_core.shell:Creating environment hook '/home/zuhurouf/ros2_ws/tool_tracker/build/tool_tracker/share/tool_tracker/hook/pythonpath_develop.ps1'
[1.435s] DEBUG:colcon.colcon_core.event_handler.log_command:Invoked command in '/home/zuhurouf/ros2_ws/tool_tracker/build/tool_tracker' returned '0': PYTHONPATH=/home/zuhurouf/ros2_ws/tool_tracker/build/tool_tracker/prefix_override:/usr/lib/python3/dist-packages/colcon_core/task/python/colcon_distutils_commands:/home/zuhurouf/ros2_ws/tool_tracker/install/tool_tracker/lib/python3.10/site-packages:${PYTHONPATH} /usr/bin/python3 -W ignore:setup.py install is deprecated -W ignore:easy_install command is deprecated setup.py develop --editable --build-directory /home/zuhurouf/ros2_ws/tool_tracker/build/tool_tracker/build --no-deps symlink_data
[1.435s] INFO:colcon.colcon_core.shell:Creating environment descriptor '/home/zuhurouf/ros2_ws/tool_tracker/build/tool_tracker/share/tool_tracker/hook/pythonpath_develop.dsv'
[1.436s] INFO:colcon.colcon_core.shell:Creating environment hook '/home/zuhurouf/ros2_ws/tool_tracker/build/tool_tracker/share/tool_tracker/hook/pythonpath_develop.sh'
[1.437s] Level 1:colcon.colcon_core.environment:checking '/home/zuhurouf/ros2_ws/tool_tracker/install/tool_tracker' for CMake module files
[1.438s] Level 1:colcon.colcon_core.environment:checking '/home/zuhurouf/ros2_ws/tool_tracker/install/tool_tracker' for CMake config files
[1.438s] Level 1:colcon.colcon_core.environment:checking '/home/zuhurouf/ros2_ws/tool_tracker/install/tool_tracker/lib'
[1.438s] Level 1:colcon.colcon_core.environment:checking '/home/zuhurouf/ros2_ws/tool_tracker/install/tool_tracker/bin'
[1.438s] Level 1:colcon.colcon_core.environment:checking '/home/zuhurouf/ros2_ws/tool_tracker/install/tool_tracker/lib/pkgconfig/tool_tracker.pc'
[1.438s] Level 1:colcon.colcon_core.environment:checking '/home/zuhurouf/ros2_ws/tool_tracker/install/tool_tracker/lib/python3.10/site-packages'
[1.438s] Level 1:colcon.colcon_core.shell:create_environment_hook('tool_tracker', 'pythonpath')
[1.438s] INFO:colcon.colcon_core.shell:Creating environment hook '/home/zuhurouf/ros2_ws/tool_tracker/install/tool_tracker/share/tool_tracker/hook/pythonpath.ps1'
[1.439s] INFO:colcon.colcon_core.shell:Creating environment descriptor '/home/zuhurouf/ros2_ws/tool_tracker/install/tool_tracker/share/tool_tracker/hook/pythonpath.dsv'
[1.439s] INFO:colcon.colcon_core.shell:Creating environment hook '/home/zuhurouf/ros2_ws/tool_tracker/install/tool_tracker/share/tool_tracker/hook/pythonpath.sh'
[1.439s] Level 1:colcon.colcon_core.environment:checking '/home/zuhurouf/ros2_ws/tool_tracker/install/tool_tracker/bin'
[1.439s] Level 1:colcon.colcon_core.environment:create_environment_scripts_only(tool_tracker)
[1.439s] INFO:colcon.colcon_core.shell:Creating package script '/home/zuhurouf/ros2_ws/tool_tracker/install/tool_tracker/share/tool_tracker/package.ps1'
[1.440s] INFO:colcon.colcon_core.shell:Creating package descriptor '/home/zuhurouf/ros2_ws/tool_tracker/install/tool_tracker/share/tool_tracker/package.dsv'
[1.441s] INFO:colcon.colcon_core.shell:Creating package script '/home/zuhurouf/ros2_ws/tool_tracker/install/tool_tracker/share/tool_tracker/package.sh'
[1.441s] INFO:colcon.colcon_core.shell:Creating package script '/home/zuhurouf/ros2_ws/tool_tracker/install/tool_tracker/share/tool_tracker/package.bash'
[1.441s] INFO:colcon.colcon_core.shell:Creating package script '/home/zuhurouf/ros2_ws/tool_tracker/install/tool_tracker/share/tool_tracker/package.zsh'
[1.442s] Level 1:colcon.colcon_core.environment:create_file_with_runtime_dependencies(/home/zuhurouf/ros2_ws/tool_tracker/install/tool_tracker/share/colcon-core/packages/tool_tracker)
[1.442s] DEBUG:colcon.colcon_parallel_executor.executor.parallel:closing loop
[1.442s] DEBUG:colcon.colcon_parallel_executor.executor.parallel:loop closed
[1.442s] DEBUG:colcon.colcon_parallel_executor.executor.parallel:run_until_complete finished with '0'
[1.442s] DEBUG:colcon.colcon_core.event_reactor:joining thread
[1.446s] INFO:colcon.colcon_core.plugin_system:Skipping extension 'colcon_notification.desktop_notification.terminal_notifier': Not used on non-Darwin systems
[1.446s] INFO:colcon.colcon_core.plugin_system:Skipping extension 'colcon_notification.desktop_notification.win32': Not used on non-Windows systems
[1.446s] INFO:colcon.colcon_notification.desktop_notification:Sending desktop notification using 'notify2'
[1.454s] DEBUG:colcon.colcon_core.event_reactor:joined thread
[1.455s] INFO:colcon.colcon_core.shell:Creating prefix script '/home/zuhurouf/ros2_ws/tool_tracker/install/local_setup.ps1'
[1.455s] INFO:colcon.colcon_core.shell:Creating prefix util module '/home/zuhurouf/ros2_ws/tool_tracker/install/_local_setup_util_ps1.py'
[1.456s] INFO:colcon.colcon_core.shell:Creating prefix chain script '/home/zuhurouf/ros2_ws/tool_tracker/install/setup.ps1'
[1.457s] INFO:colcon.colcon_core.shell:Creating prefix script '/home/zuhurouf/ros2_ws/tool_tracker/install/local_setup.sh'
[1.458s] INFO:colcon.colcon_core.shell:Creating prefix util module '/home/zuhurouf/ros2_ws/tool_tracker/install/_local_setup_util_sh.py'
[1.458s] INFO:colcon.colcon_core.shell:Creating prefix chain script '/home/zuhurouf/ros2_ws/tool_tracker/install/setup.sh'
[1.458s] INFO:colcon.colcon_core.shell:Creating prefix script '/home/zuhurouf/ros2_ws/tool_tracker/install/local_setup.bash'
[1.459s] INFO:colcon.colcon_core.shell:Creating prefix chain script '/home/zuhurouf/ros2_ws/tool_tracker/install/setup.bash'
[1.459s] INFO:colcon.colcon_core.shell:Creating prefix script '/home/zuhurouf/ros2_ws/tool_tracker/install/local_setup.zsh'
[1.460s] INFO:colcon.colcon_core.shell:Creating prefix chain script '/home/zuhurouf/ros2_ws/tool_tracker/install/setup.zsh'
